================================================================================
Starting new training run - 2026-02-08 18:27:54
Command-line arguments:
  data_dir: GLEAMS/data
  train_metadata: GLEAMS/data/train_metadata.parquet
  test_metadata: GLEAMS/data/test_metadata.parquet
  train_pairs_pos: GLEAMS/data/train_metadata_pairs_pos_2.npy
  train_pairs_neg: GLEAMS/data/train_metadata_pairs_neg_2.npy
  test_pairs_pos: GLEAMS/data/test_metadata_pairs_pos_2.npy
  test_pairs_neg: GLEAMS/data/test_metadata_pairs_neg_2.npy
  mgf_file: GLEAMS/data/massivekb_82c0124b.mgf
  log_csv: GLEAMS/results/2026-02-08_182754/loss_log.csv
  log_txt: GLEAMS/results/2026-02-08_182754/training.log
  best_model_path: GLEAMS/results/2026-02-08_182754/best_model.pt
  final_model_path: GLEAMS/results/2026-02-08_182754/final_model.pt
  dim_model: 256
  n_head: 4
  dim_feedforward: 512
  n_layers: 2
  dropout: 0.1
  batch_size: 64
  gradient_accumulation_steps: 4
  n_epochs: 5
  learning_rate: 0.0005
  weight_decay: 1e-05
  gradient_clip_norm: 1.0
  margin: 0.5
  label_certainty: 1.0
  warmup_iters: 250
  cosine_schedule_iters: 2500
  scheduler_patience: 2
  max_train_pairs: 50000
  max_val_pairs: 10000
================================================================================
Loading metadata files...
Train metadata: 800,000 rows
Test metadata: 200,000 rows
Train pairs: 1,713,842 positive, 11,461,678 negative
Val pairs: 107,229 positive, 713,210 negative
Using device: cuda
  GPU: NVIDIA GeForce RTX 3080 Ti
  Memory: 12.9 GB

⚠️  IMPORTANT: Using contrastive loss with:
   Margin: 0.5 (config default: 0.5)
   Label certainty: 1.0 (config default: 1.0)

📈 Learning rate schedule:
   Peak LR: 0.0005
   Warmup iterations: 250 batches
   Cosine decay period: 2500 batches
   Note: Scheduler steps after each batch, not epoch

Unique metadata row indices needed (train): 473,992
Unique metadata row indices needed (val):   117,421
Unique metadata row indices needed (total): 521,580
MGF scan number range: 1 to 3,046,416

Loading 521,580 spectra from MGF file by scan number...
Loading spectra from GLEAMS/data/massivekb_82c0124b.mgf...
✓ Loaded 521,580 spectra
✓ Loaded 521,580 spectra with max 2371 peaks in 8.0 min
✓ Dataset loading complete!
⚠️  Max peaks per spectrum: 2,371 (affects GPU memory usage)

Creating index mapping...
✓ Mapped 521,580 metadata rows to dataset indices

Remapping pair indices to dataset indices...
✓ Pair remapping complete!

Total pairs: 100,000
Creating DataLoader with 100,000 total pairs, batch_size=64
Expected batches per epoch: 1562
Total pairs: 20,000
Creating DataLoader with 20,000 total pairs, batch_size=64
Expected batches per epoch: 312

🔍 Embedding diagnostics (first batch):
   Embedding shape: torch.Size([64, 256])
   Emb1 - mean: 0.0000, std: 1.0000, norm: 15.9999
   Emb2 - mean: 0.0000, std: 1.0000, norm: 15.9999
   Full output shape: torch.Size([64, 2372, 256])
   Using GLOBAL TOKEN (best performance so far)
   Issue: Model not learning discriminative features from peaks

   Cosine similarity (should differ for pos/neg):
   Positive pairs: 0.9054 (should be HIGH ~1.0)
   Negative pairs: 0.8932 (should be LOW ~0.0)
   Difference: 0.0123 (>0.1 is good)

   Embedding diversity check:
   Mean pairwise cosine similarity: 0.5805
   (Should be < 0.5 for diverse embeddings, ~1.0 means collapsed)


🔍 Loss function debug (first batch):
   Margin: 0.5, Label certainty: 1.0
   Positive cosine distances: mean=0.0946, loss=0.0102
   Negative cosine distances: mean=0.1068, loss=0.1557
   Using NORMALIZED embeddings with cosine distance
   Distance range: [0, 2] (bounded, prevents explosion)
   Positive weight: distance² (bounded by normalization)
   Negative weight: clamp(margin - distance)²

   Gradient norm: 0.0549


FDR threshold computation:
  Target FDR: 1.0%
  Actual FDR: 0.00%
  Threshold: 7.5926
  Pairs below threshold: 33.0

Figure saved to: GLEAMS/results/2026-02-08_182754/training_plots/epoch_001_batch_0100_distances.png
ROC curve saved to: GLEAMS/results/2026-02-08_182754/training_plots/epoch_001_batch_0100_roc.png

FDR threshold computation:
  Target FDR: 1.0%
  Actual FDR: 0.00%
  Threshold: 5.5130
  Pairs below threshold: 37.0

Figure saved to: GLEAMS/results/2026-02-08_182754/training_plots/epoch_001_batch_0200_distances.png
ROC curve saved to: GLEAMS/results/2026-02-08_182754/training_plots/epoch_001_batch_0200_roc.png

FDR threshold computation:
  Target FDR: 1.0%
  Actual FDR: 0.00%
  Threshold: 4.8293
  Pairs below threshold: 30.0

Figure saved to: GLEAMS/results/2026-02-08_182754/training_plots/epoch_001_batch_0300_distances.png
ROC curve saved to: GLEAMS/results/2026-02-08_182754/training_plots/epoch_001_batch_0300_roc.png

FDR threshold computation:
  Target FDR: 1.0%
  Actual FDR: 0.00%
  Threshold: 4.8795
  Pairs below threshold: 31.0

Figure saved to: GLEAMS/results/2026-02-08_182754/training_plots/epoch_001_batch_0400_distances.png
ROC curve saved to: GLEAMS/results/2026-02-08_182754/training_plots/epoch_001_batch_0400_roc.png

FDR threshold computation:
  Target FDR: 1.0%
  Actual FDR: 0.00%
  Threshold: 4.7065
  Pairs below threshold: 28.0

Figure saved to: GLEAMS/results/2026-02-08_182754/training_plots/epoch_001_batch_0500_distances.png
ROC curve saved to: GLEAMS/results/2026-02-08_182754/training_plots/epoch_001_batch_0500_roc.png

FDR threshold computation:
  Target FDR: 1.0%
  Actual FDR: 0.00%
  Threshold: 5.5012
  Pairs below threshold: 35.0

Figure saved to: GLEAMS/results/2026-02-08_182754/training_plots/epoch_001_batch_0600_distances.png
ROC curve saved to: GLEAMS/results/2026-02-08_182754/training_plots/epoch_001_batch_0600_roc.png

FDR threshold computation:
  Target FDR: 1.0%
  Actual FDR: 0.00%
  Threshold: 4.4357
  Pairs below threshold: 37.0

Figure saved to: GLEAMS/results/2026-02-08_182754/training_plots/epoch_001_batch_0700_distances.png
ROC curve saved to: GLEAMS/results/2026-02-08_182754/training_plots/epoch_001_batch_0700_roc.png

FDR threshold computation:
  Target FDR: 1.0%
  Actual FDR: 0.00%
  Threshold: 4.8772
  Pairs below threshold: 33.0

Figure saved to: GLEAMS/results/2026-02-08_182754/training_plots/epoch_001_batch_0800_distances.png
ROC curve saved to: GLEAMS/results/2026-02-08_182754/training_plots/epoch_001_batch_0800_roc.png

FDR threshold computation:
  Target FDR: 1.0%
  Actual FDR: 0.00%
  Threshold: 4.1556
  Pairs below threshold: 31.0

Figure saved to: GLEAMS/results/2026-02-08_182754/training_plots/epoch_001_batch_0900_distances.png
ROC curve saved to: GLEAMS/results/2026-02-08_182754/training_plots/epoch_001_batch_0900_roc.png

FDR threshold computation:
  Target FDR: 1.0%
  Actual FDR: 0.00%
  Threshold: 4.3155
  Pairs below threshold: 32.0

Figure saved to: GLEAMS/results/2026-02-08_182754/training_plots/epoch_001_batch_1000_distances.png
ROC curve saved to: GLEAMS/results/2026-02-08_182754/training_plots/epoch_001_batch_1000_roc.png

FDR threshold computation:
  Target FDR: 1.0%
  Actual FDR: 0.00%
  Threshold: 10.3093
  Pairs below threshold: 29.0

Figure saved to: GLEAMS/results/2026-02-08_182754/training_plots/epoch_001_batch_1100_distances.png
ROC curve saved to: GLEAMS/results/2026-02-08_182754/training_plots/epoch_001_batch_1100_roc.png

FDR threshold computation:
  Target FDR: 1.0%
  Actual FDR: 0.00%
  Threshold: 4.1830
  Pairs below threshold: 30.0

Figure saved to: GLEAMS/results/2026-02-08_182754/training_plots/epoch_001_batch_1200_distances.png
ROC curve saved to: GLEAMS/results/2026-02-08_182754/training_plots/epoch_001_batch_1200_roc.png

FDR threshold computation:
  Target FDR: 1.0%
  Actual FDR: 0.00%
  Threshold: 4.1954
  Pairs below threshold: 20.0

Figure saved to: GLEAMS/results/2026-02-08_182754/training_plots/epoch_001_batch_1300_distances.png
ROC curve saved to: GLEAMS/results/2026-02-08_182754/training_plots/epoch_001_batch_1300_roc.png

FDR threshold computation:
  Target FDR: 1.0%
  Actual FDR: 0.00%
  Threshold: 4.2133
  Pairs below threshold: 27.0

Figure saved to: GLEAMS/results/2026-02-08_182754/training_plots/epoch_001_batch_1400_distances.png
ROC curve saved to: GLEAMS/results/2026-02-08_182754/training_plots/epoch_001_batch_1400_roc.png

FDR threshold computation:
  Target FDR: 1.0%
  Actual FDR: 0.00%
  Threshold: 9.2333
  Pairs below threshold: 31.0

Figure saved to: GLEAMS/results/2026-02-08_182754/training_plots/epoch_001_batch_1500_distances.png
ROC curve saved to: GLEAMS/results/2026-02-08_182754/training_plots/epoch_001_batch_1500_roc.png
⚠️  Warning: Model is on cuda:0 but device argument is cuda
/home/saartje/miniconda3/envs/gleams/lib/python3.10/site-packages/torch/nn/modules/transformer.py:408: UserWarning: The PyTorch API of nested tensors is in prototype stage and will change in the near future. (Triggered internally at ../aten/src/ATen/NestedTensorImpl.cpp:178.)
  output = torch._nested_tensor_from_mask(output, src_key_padding_mask.logical_not(), mask_check=False)

  Validation loss statistics:
    Mean: 0.1178
    Median: 0.1324
    Std: 0.0813
    Min: 0.0020
    Max: 0.2252
    95th percentile: 0.2176

  Label distribution:
    Positive pairs: 10,000 (50.0%)
    Negative pairs: 10,000 (50.0%)

  Embedding distances:
    Positive pairs - Mean: 0.0894, Median: 0.0339
    Negative pairs - Mean: 0.0912, Median: 0.0340
    Expected: Positive distances should be LOW, Negative distances should be HIGH (>margin=0.5)
  Training: avg_loss=0.0049 over 1563 batches

  📊 Creating validation plots for epoch 1 (entire validation set)...
Warning: No threshold found for FDR=0.01. Using median of negative distances.

Figure saved to: GLEAMS/results/2026-02-08_182754/training_plots/epoch_001_validation_distances.png
ROC curve saved to: GLEAMS/results/2026-02-08_182754/training_plots/epoch_001_validation_roc.png
  ✓ Validation plots saved to GLEAMS/results/2026-02-08_182754/training_plots
    - Validation AUC: 0.4990
    - Validation pos distance mean: 5.4327
    - Validation neg distance mean: 5.4636
✓ Saved best model (val_loss=0.117768) to GLEAMS/results/2026-02-08_182754/best_model.pt
Epoch 1/5 | train_loss=0.004935 | val_loss=0.117768 | lr=1.54e-04 | time=1579.1s

FDR threshold computation:
  Target FDR: 1.0%
  Actual FDR: 0.00%
  Threshold: 3.9025
  Pairs below threshold: 27.0

Figure saved to: GLEAMS/results/2026-02-08_182754/training_plots/epoch_002_batch_0100_distances.png
ROC curve saved to: GLEAMS/results/2026-02-08_182754/training_plots/epoch_002_batch_0100_roc.png

FDR threshold computation:
  Target FDR: 1.0%
  Actual FDR: 0.00%
  Threshold: 4.4461
  Pairs below threshold: 33.0

Figure saved to: GLEAMS/results/2026-02-08_182754/training_plots/epoch_002_batch_0200_distances.png
ROC curve saved to: GLEAMS/results/2026-02-08_182754/training_plots/epoch_002_batch_0200_roc.png

FDR threshold computation:
  Target FDR: 1.0%
  Actual FDR: 0.00%
  Threshold: 7.9214
  Pairs below threshold: 33.0

Figure saved to: GLEAMS/results/2026-02-08_182754/training_plots/epoch_002_batch_0300_distances.png
ROC curve saved to: GLEAMS/results/2026-02-08_182754/training_plots/epoch_002_batch_0300_roc.png

FDR threshold computation:
  Target FDR: 1.0%
  Actual FDR: 0.00%
  Threshold: 3.7679
  Pairs below threshold: 35.0

Figure saved to: GLEAMS/results/2026-02-08_182754/training_plots/epoch_002_batch_0400_distances.png
ROC curve saved to: GLEAMS/results/2026-02-08_182754/training_plots/epoch_002_batch_0400_roc.png

FDR threshold computation:
  Target FDR: 1.0%
  Actual FDR: 0.00%
  Threshold: 8.9399
  Pairs below threshold: 35.0

Figure saved to: GLEAMS/results/2026-02-08_182754/training_plots/epoch_002_batch_0500_distances.png
ROC curve saved to: GLEAMS/results/2026-02-08_182754/training_plots/epoch_002_batch_0500_roc.png

FDR threshold computation:
  Target FDR: 1.0%
  Actual FDR: 0.00%
  Threshold: 10.6707
  Pairs below threshold: 36.0

Figure saved to: GLEAMS/results/2026-02-08_182754/training_plots/epoch_002_batch_0600_distances.png
ROC curve saved to: GLEAMS/results/2026-02-08_182754/training_plots/epoch_002_batch_0600_roc.png

FDR threshold computation:
  Target FDR: 1.0%
  Actual FDR: 0.00%
  Threshold: 4.0019
  Pairs below threshold: 30.0

Figure saved to: GLEAMS/results/2026-02-08_182754/training_plots/epoch_002_batch_0700_distances.png
ROC curve saved to: GLEAMS/results/2026-02-08_182754/training_plots/epoch_002_batch_0700_roc.png

FDR threshold computation:
  Target FDR: 1.0%
  Actual FDR: 0.00%
  Threshold: 7.5031
  Pairs below threshold: 32.0

Figure saved to: GLEAMS/results/2026-02-08_182754/training_plots/epoch_002_batch_0800_distances.png
ROC curve saved to: GLEAMS/results/2026-02-08_182754/training_plots/epoch_002_batch_0800_roc.png

FDR threshold computation:
  Target FDR: 1.0%
  Actual FDR: 0.00%
  Threshold: 11.0925
  Pairs below threshold: 34.0

Figure saved to: GLEAMS/results/2026-02-08_182754/training_plots/epoch_002_batch_0900_distances.png
ROC curve saved to: GLEAMS/results/2026-02-08_182754/training_plots/epoch_002_batch_0900_roc.png

FDR threshold computation:
  Target FDR: 1.0%
  Actual FDR: 0.00%
  Threshold: 3.7631
  Pairs below threshold: 30.0

Figure saved to: GLEAMS/results/2026-02-08_182754/training_plots/epoch_002_batch_1000_distances.png
ROC curve saved to: GLEAMS/results/2026-02-08_182754/training_plots/epoch_002_batch_1000_roc.png

FDR threshold computation:
  Target FDR: 1.0%
  Actual FDR: 0.00%
  Threshold: 10.8339
  Pairs below threshold: 34.0

Figure saved to: GLEAMS/results/2026-02-08_182754/training_plots/epoch_002_batch_1100_distances.png
ROC curve saved to: GLEAMS/results/2026-02-08_182754/training_plots/epoch_002_batch_1100_roc.png

FDR threshold computation:
  Target FDR: 1.0%
  Actual FDR: 0.00%
  Threshold: 5.1571
  Pairs below threshold: 32.0

Figure saved to: GLEAMS/results/2026-02-08_182754/training_plots/epoch_002_batch_1200_distances.png
ROC curve saved to: GLEAMS/results/2026-02-08_182754/training_plots/epoch_002_batch_1200_roc.png

FDR threshold computation:
  Target FDR: 1.0%
  Actual FDR: 0.00%
  Threshold: 10.2435
  Pairs below threshold: 35.0

Figure saved to: GLEAMS/results/2026-02-08_182754/training_plots/epoch_002_batch_1300_distances.png
ROC curve saved to: GLEAMS/results/2026-02-08_182754/training_plots/epoch_002_batch_1300_roc.png

FDR threshold computation:
  Target FDR: 1.0%
  Actual FDR: 0.00%
  Threshold: 4.2994
  Pairs below threshold: 27.0

Figure saved to: GLEAMS/results/2026-02-08_182754/training_plots/epoch_002_batch_1400_distances.png
ROC curve saved to: GLEAMS/results/2026-02-08_182754/training_plots/epoch_002_batch_1400_roc.png

FDR threshold computation:
  Target FDR: 1.0%
  Actual FDR: 0.00%
  Threshold: 11.8838
  Pairs below threshold: 38.0

Figure saved to: GLEAMS/results/2026-02-08_182754/training_plots/epoch_002_batch_1500_distances.png
ROC curve saved to: GLEAMS/results/2026-02-08_182754/training_plots/epoch_002_batch_1500_roc.png
⚠️  Warning: Model is on cuda:0 but device argument is cuda

  Validation loss statistics:
    Mean: 0.1187
    Median: 0.1373
    Std: 0.0838
    Min: 0.0016
    Max: 0.2266
    95th percentile: 0.2196

  Label distribution:
    Positive pairs: 10,000 (50.0%)
    Negative pairs: 10,000 (50.0%)

  Embedding distances:
    Positive pairs - Mean: 0.0839, Median: 0.0318
    Negative pairs - Mean: 0.0858, Median: 0.0319
    Expected: Positive distances should be LOW, Negative distances should be HIGH (>margin=0.5)
  Training: avg_loss=0.0007 over 1563 batches

  📊 Creating validation plots for epoch 2 (entire validation set)...
Warning: No threshold found for FDR=0.01. Using median of negative distances.

Figure saved to: GLEAMS/results/2026-02-08_182754/training_plots/epoch_002_validation_distances.png
ROC curve saved to: GLEAMS/results/2026-02-08_182754/training_plots/epoch_002_validation_roc.png
  ✓ Validation plots saved to GLEAMS/results/2026-02-08_182754/training_plots
    - Validation AUC: 0.4992
    - Validation pos distance mean: 5.1994
    - Validation neg distance mean: 5.2280
Epoch 2/5 | train_loss=0.000750 | val_loss=0.118732 | lr=7.34e-05 | time=1583.0s

FDR threshold computation:
  Target FDR: 1.0%
  Actual FDR: 0.00%
  Threshold: 3.8946
  Pairs below threshold: 31.0

Figure saved to: GLEAMS/results/2026-02-08_182754/training_plots/epoch_003_batch_0100_distances.png
ROC curve saved to: GLEAMS/results/2026-02-08_182754/training_plots/epoch_003_batch_0100_roc.png

FDR threshold computation:
  Target FDR: 1.0%
  Actual FDR: 0.00%
  Threshold: 7.6689
  Pairs below threshold: 34.0

Figure saved to: GLEAMS/results/2026-02-08_182754/training_plots/epoch_003_batch_0200_distances.png
ROC curve saved to: GLEAMS/results/2026-02-08_182754/training_plots/epoch_003_batch_0200_roc.png

FDR threshold computation:
  Target FDR: 1.0%
  Actual FDR: 0.00%
  Threshold: 3.7394
  Pairs below threshold: 35.0

Figure saved to: GLEAMS/results/2026-02-08_182754/training_plots/epoch_003_batch_0300_distances.png
ROC curve saved to: GLEAMS/results/2026-02-08_182754/training_plots/epoch_003_batch_0300_roc.png

FDR threshold computation:
  Target FDR: 1.0%
  Actual FDR: 0.00%
  Threshold: 13.6410
  Pairs below threshold: 33.0

Figure saved to: GLEAMS/results/2026-02-08_182754/training_plots/epoch_003_batch_0400_distances.png
ROC curve saved to: GLEAMS/results/2026-02-08_182754/training_plots/epoch_003_batch_0400_roc.png

FDR threshold computation:
  Target FDR: 1.0%
  Actual FDR: 0.00%
  Threshold: 3.8687
  Pairs below threshold: 33.0

Figure saved to: GLEAMS/results/2026-02-08_182754/training_plots/epoch_003_batch_0500_distances.png
ROC curve saved to: GLEAMS/results/2026-02-08_182754/training_plots/epoch_003_batch_0500_roc.png

FDR threshold computation:
  Target FDR: 1.0%
  Actual FDR: 0.00%
  Threshold: 9.0317
  Pairs below threshold: 37.0

Figure saved to: GLEAMS/results/2026-02-08_182754/training_plots/epoch_003_batch_0600_distances.png
ROC curve saved to: GLEAMS/results/2026-02-08_182754/training_plots/epoch_003_batch_0600_roc.png

FDR threshold computation:
  Target FDR: 1.0%
  Actual FDR: 0.00%
  Threshold: 3.7633
  Pairs below threshold: 33.0

Figure saved to: GLEAMS/results/2026-02-08_182754/training_plots/epoch_003_batch_0700_distances.png
ROC curve saved to: GLEAMS/results/2026-02-08_182754/training_plots/epoch_003_batch_0700_roc.png

FDR threshold computation:
  Target FDR: 1.0%
  Actual FDR: 0.00%
  Threshold: 7.5611
  Pairs below threshold: 39.0

Figure saved to: GLEAMS/results/2026-02-08_182754/training_plots/epoch_003_batch_0800_distances.png
ROC curve saved to: GLEAMS/results/2026-02-08_182754/training_plots/epoch_003_batch_0800_roc.png

FDR threshold computation:
  Target FDR: 1.0%
  Actual FDR: 0.00%
  Threshold: 6.7222
  Pairs below threshold: 28.0

Figure saved to: GLEAMS/results/2026-02-08_182754/training_plots/epoch_003_batch_0900_distances.png
ROC curve saved to: GLEAMS/results/2026-02-08_182754/training_plots/epoch_003_batch_0900_roc.png

FDR threshold computation:
  Target FDR: 1.0%
  Actual FDR: 0.00%
  Threshold: 3.7420
  Pairs below threshold: 29.0

Figure saved to: GLEAMS/results/2026-02-08_182754/training_plots/epoch_003_batch_1000_distances.png
ROC curve saved to: GLEAMS/results/2026-02-08_182754/training_plots/epoch_003_batch_1000_roc.png

FDR threshold computation:
  Target FDR: 1.0%
  Actual FDR: 0.00%
  Threshold: 3.8890
  Pairs below threshold: 26.0

Figure saved to: GLEAMS/results/2026-02-08_182754/training_plots/epoch_003_batch_1100_distances.png
ROC curve saved to: GLEAMS/results/2026-02-08_182754/training_plots/epoch_003_batch_1100_roc.png

FDR threshold computation:
  Target FDR: 1.0%
  Actual FDR: 0.00%
  Threshold: 3.7497
  Pairs below threshold: 29.0

Figure saved to: GLEAMS/results/2026-02-08_182754/training_plots/epoch_003_batch_1200_distances.png
ROC curve saved to: GLEAMS/results/2026-02-08_182754/training_plots/epoch_003_batch_1200_roc.png

FDR threshold computation:
  Target FDR: 1.0%
  Actual FDR: 0.00%
  Threshold: 5.9776
  Pairs below threshold: 40.0

Figure saved to: GLEAMS/results/2026-02-08_182754/training_plots/epoch_003_batch_1300_distances.png
ROC curve saved to: GLEAMS/results/2026-02-08_182754/training_plots/epoch_003_batch_1300_roc.png

FDR threshold computation:
  Target FDR: 1.0%
  Actual FDR: 0.00%
  Threshold: 9.5209
  Pairs below threshold: 28.0

Figure saved to: GLEAMS/results/2026-02-08_182754/training_plots/epoch_003_batch_1400_distances.png
ROC curve saved to: GLEAMS/results/2026-02-08_182754/training_plots/epoch_003_batch_1400_roc.png

FDR threshold computation:
  Target FDR: 1.0%
  Actual FDR: 0.00%
  Threshold: 10.4685
  Pairs below threshold: 28.0

Figure saved to: GLEAMS/results/2026-02-08_182754/training_plots/epoch_003_batch_1500_distances.png
ROC curve saved to: GLEAMS/results/2026-02-08_182754/training_plots/epoch_003_batch_1500_roc.png
⚠️  Warning: Model is on cuda:0 but device argument is cuda

  Validation loss statistics:
    Mean: 0.1162
    Median: 0.1437
    Std: 0.0916
    Min: 0.0010
    Max: 0.2311
    95th percentile: 0.2253

  Label distribution:
    Positive pairs: 10,000 (50.0%)
    Negative pairs: 10,000 (50.0%)

  Embedding distances:
    Positive pairs - Mean: 0.0677, Median: 0.0245
    Negative pairs - Mean: 0.0686, Median: 0.0245
    Expected: Positive distances should be LOW, Negative distances should be HIGH (>margin=0.5)
  Training: avg_loss=0.0011 over 1563 batches

  📊 Creating validation plots for epoch 3 (entire validation set)...

FDR threshold computation:
  Target FDR: 1.0%
  Actual FDR: 0.00%
  Threshold: 1.4797
  Pairs below threshold: 2.0

Figure saved to: GLEAMS/results/2026-02-08_182754/training_plots/epoch_003_validation_distances.png
ROC curve saved to: GLEAMS/results/2026-02-08_182754/training_plots/epoch_003_validation_roc.png
  ✓ Validation plots saved to GLEAMS/results/2026-02-08_182754/training_plots
    - Validation AUC: 0.4998
    - Validation pos distance mean: 4.4251
    - Validation neg distance mean: 4.4475
✓ Saved best model (val_loss=0.116161) to GLEAMS/results/2026-02-08_182754/best_model.pt
Epoch 3/5 | train_loss=0.001093 | val_loss=0.116161 | lr=4.81e-04 | time=1587.1s

FDR threshold computation:
  Target FDR: 1.0%
  Actual FDR: 0.00%
  Threshold: 3.3032
  Pairs below threshold: 32.0

Figure saved to: GLEAMS/results/2026-02-08_182754/training_plots/epoch_004_batch_0100_distances.png
ROC curve saved to: GLEAMS/results/2026-02-08_182754/training_plots/epoch_004_batch_0100_roc.png

FDR threshold computation:
  Target FDR: 1.0%
  Actual FDR: 0.00%
  Threshold: 3.4121
  Pairs below threshold: 34.0

Figure saved to: GLEAMS/results/2026-02-08_182754/training_plots/epoch_004_batch_0200_distances.png
ROC curve saved to: GLEAMS/results/2026-02-08_182754/training_plots/epoch_004_batch_0200_roc.png

FDR threshold computation:
  Target FDR: 1.0%
  Actual FDR: 0.00%
  Threshold: 4.2056
  Pairs below threshold: 30.0

Figure saved to: GLEAMS/results/2026-02-08_182754/training_plots/epoch_004_batch_0300_distances.png
ROC curve saved to: GLEAMS/results/2026-02-08_182754/training_plots/epoch_004_batch_0300_roc.png

FDR threshold computation:
  Target FDR: 1.0%
  Actual FDR: 0.00%
  Threshold: 8.2939
  Pairs below threshold: 26.0

Figure saved to: GLEAMS/results/2026-02-08_182754/training_plots/epoch_004_batch_0400_distances.png
ROC curve saved to: GLEAMS/results/2026-02-08_182754/training_plots/epoch_004_batch_0400_roc.png

FDR threshold computation:
  Target FDR: 1.0%
  Actual FDR: 0.00%
  Threshold: 4.2627
  Pairs below threshold: 26.0

Figure saved to: GLEAMS/results/2026-02-08_182754/training_plots/epoch_004_batch_0500_distances.png
ROC curve saved to: GLEAMS/results/2026-02-08_182754/training_plots/epoch_004_batch_0500_roc.png

FDR threshold computation:
  Target FDR: 1.0%
  Actual FDR: 0.00%
  Threshold: 8.7108
  Pairs below threshold: 37.0

Figure saved to: GLEAMS/results/2026-02-08_182754/training_plots/epoch_004_batch_0600_distances.png
ROC curve saved to: GLEAMS/results/2026-02-08_182754/training_plots/epoch_004_batch_0600_roc.png

FDR threshold computation:
  Target FDR: 1.0%
  Actual FDR: 0.00%
  Threshold: 5.6467
  Pairs below threshold: 35.0

Figure saved to: GLEAMS/results/2026-02-08_182754/training_plots/epoch_004_batch_0700_distances.png
ROC curve saved to: GLEAMS/results/2026-02-08_182754/training_plots/epoch_004_batch_0700_roc.png

FDR threshold computation:
  Target FDR: 1.0%
  Actual FDR: 0.00%
  Threshold: 12.5104
  Pairs below threshold: 43.0

Figure saved to: GLEAMS/results/2026-02-08_182754/training_plots/epoch_004_batch_0800_distances.png
ROC curve saved to: GLEAMS/results/2026-02-08_182754/training_plots/epoch_004_batch_0800_roc.png

FDR threshold computation:
  Target FDR: 1.0%
  Actual FDR: 0.00%
  Threshold: 3.1225
  Pairs below threshold: 35.0

Figure saved to: GLEAMS/results/2026-02-08_182754/training_plots/epoch_004_batch_0900_distances.png
ROC curve saved to: GLEAMS/results/2026-02-08_182754/training_plots/epoch_004_batch_0900_roc.png

FDR threshold computation:
  Target FDR: 1.0%
  Actual FDR: 0.00%
  Threshold: 6.9425
  Pairs below threshold: 32.0

Figure saved to: GLEAMS/results/2026-02-08_182754/training_plots/epoch_004_batch_1000_distances.png
ROC curve saved to: GLEAMS/results/2026-02-08_182754/training_plots/epoch_004_batch_1000_roc.png

FDR threshold computation:
  Target FDR: 1.0%
  Actual FDR: 0.00%
  Threshold: 2.9299
  Pairs below threshold: 29.0

Figure saved to: GLEAMS/results/2026-02-08_182754/training_plots/epoch_004_batch_1100_distances.png
ROC curve saved to: GLEAMS/results/2026-02-08_182754/training_plots/epoch_004_batch_1100_roc.png

FDR threshold computation:
  Target FDR: 1.0%
  Actual FDR: 0.00%
  Threshold: 4.7387
  Pairs below threshold: 33.0

Figure saved to: GLEAMS/results/2026-02-08_182754/training_plots/epoch_004_batch_1200_distances.png
ROC curve saved to: GLEAMS/results/2026-02-08_182754/training_plots/epoch_004_batch_1200_roc.png

FDR threshold computation:
  Target FDR: 1.0%
  Actual FDR: 0.00%
  Threshold: 2.8832
  Pairs below threshold: 33.0

Figure saved to: GLEAMS/results/2026-02-08_182754/training_plots/epoch_004_batch_1300_distances.png
ROC curve saved to: GLEAMS/results/2026-02-08_182754/training_plots/epoch_004_batch_1300_roc.png

FDR threshold computation:
  Target FDR: 1.0%
  Actual FDR: 0.00%
  Threshold: 6.0671
  Pairs below threshold: 37.0

Figure saved to: GLEAMS/results/2026-02-08_182754/training_plots/epoch_004_batch_1400_distances.png
ROC curve saved to: GLEAMS/results/2026-02-08_182754/training_plots/epoch_004_batch_1400_roc.png

FDR threshold computation:
  Target FDR: 1.0%
  Actual FDR: 0.00%
  Threshold: 6.8313
  Pairs below threshold: 24.0

Figure saved to: GLEAMS/results/2026-02-08_182754/training_plots/epoch_004_batch_1500_distances.png
ROC curve saved to: GLEAMS/results/2026-02-08_182754/training_plots/epoch_004_batch_1500_roc.png
⚠️  Warning: Model is on cuda:0 but device argument is cuda

  Validation loss statistics:
    Mean: 0.1171
    Median: 0.1440
    Std: 0.0813
    Min: 0.0024
    Max: 0.2231
    95th percentile: 0.2160

  Label distribution:
    Positive pairs: 10,000 (50.0%)
    Negative pairs: 10,000 (50.0%)

  Embedding distances:
    Positive pairs - Mean: 0.0899, Median: 0.0358
    Negative pairs - Mean: 0.0886, Median: 0.0357
    Expected: Positive distances should be LOW, Negative distances should be HIGH (>margin=0.5)
  Training: avg_loss=0.0006 over 1563 batches

  📊 Creating validation plots for epoch 4 (entire validation set)...

FDR threshold computation:
  Target FDR: 1.0%
  Actual FDR: 0.00%
  Threshold: 1.5505
  Pairs below threshold: 2.0

Figure saved to: GLEAMS/results/2026-02-08_182754/training_plots/epoch_004_validation_distances.png
ROC curve saved to: GLEAMS/results/2026-02-08_182754/training_plots/epoch_004_validation_roc.png
  ✓ Validation plots saved to GLEAMS/results/2026-02-08_182754/training_plots
    - Validation AUC: 0.4985
    - Validation pos distance mean: 4.7663
    - Validation neg distance mean: 4.7547
Epoch 4/5 | train_loss=0.000616 | val_loss=0.117071 | lr=2.49e-04 | time=1591.7s

FDR threshold computation:
  Target FDR: 1.0%
  Actual FDR: 0.00%
  Threshold: 2.8795
  Pairs below threshold: 34.0

Figure saved to: GLEAMS/results/2026-02-08_182754/training_plots/epoch_005_batch_0100_distances.png
ROC curve saved to: GLEAMS/results/2026-02-08_182754/training_plots/epoch_005_batch_0100_roc.png

FDR threshold computation:
  Target FDR: 1.0%
  Actual FDR: 0.00%
  Threshold: 4.7877
  Pairs below threshold: 35.0

Figure saved to: GLEAMS/results/2026-02-08_182754/training_plots/epoch_005_batch_0200_distances.png
ROC curve saved to: GLEAMS/results/2026-02-08_182754/training_plots/epoch_005_batch_0200_roc.png

FDR threshold computation:
  Target FDR: 1.0%
  Actual FDR: 0.00%
  Threshold: 2.8022
  Pairs below threshold: 21.0

Figure saved to: GLEAMS/results/2026-02-08_182754/training_plots/epoch_005_batch_0300_distances.png
ROC curve saved to: GLEAMS/results/2026-02-08_182754/training_plots/epoch_005_batch_0300_roc.png

FDR threshold computation:
  Target FDR: 1.0%
  Actual FDR: 0.00%
  Threshold: 8.9297
  Pairs below threshold: 32.0

Figure saved to: GLEAMS/results/2026-02-08_182754/training_plots/epoch_005_batch_0400_distances.png
ROC curve saved to: GLEAMS/results/2026-02-08_182754/training_plots/epoch_005_batch_0400_roc.png

FDR threshold computation:
  Target FDR: 1.0%
  Actual FDR: 0.00%
  Threshold: 3.2629
  Pairs below threshold: 31.0

Figure saved to: GLEAMS/results/2026-02-08_182754/training_plots/epoch_005_batch_0500_distances.png
ROC curve saved to: GLEAMS/results/2026-02-08_182754/training_plots/epoch_005_batch_0500_roc.png

FDR threshold computation:
  Target FDR: 1.0%
  Actual FDR: 0.00%
  Threshold: 4.9686
  Pairs below threshold: 28.0

Figure saved to: GLEAMS/results/2026-02-08_182754/training_plots/epoch_005_batch_0600_distances.png
ROC curve saved to: GLEAMS/results/2026-02-08_182754/training_plots/epoch_005_batch_0600_roc.png

FDR threshold computation:
  Target FDR: 1.0%
  Actual FDR: 0.00%
  Threshold: 2.6095
  Pairs below threshold: 34.0

Figure saved to: GLEAMS/results/2026-02-08_182754/training_plots/epoch_005_batch_0700_distances.png
ROC curve saved to: GLEAMS/results/2026-02-08_182754/training_plots/epoch_005_batch_0700_roc.png

FDR threshold computation:
  Target FDR: 1.0%
  Actual FDR: 0.00%
  Threshold: 5.1377
  Pairs below threshold: 35.0

Figure saved to: GLEAMS/results/2026-02-08_182754/training_plots/epoch_005_batch_0800_distances.png
ROC curve saved to: GLEAMS/results/2026-02-08_182754/training_plots/epoch_005_batch_0800_roc.png

FDR threshold computation:
  Target FDR: 1.0%
  Actual FDR: 0.00%
  Threshold: 4.7125
  Pairs below threshold: 29.0

Figure saved to: GLEAMS/results/2026-02-08_182754/training_plots/epoch_005_batch_0900_distances.png
ROC curve saved to: GLEAMS/results/2026-02-08_182754/training_plots/epoch_005_batch_0900_roc.png

FDR threshold computation:
  Target FDR: 1.0%
  Actual FDR: 0.00%
  Threshold: 2.5493
  Pairs below threshold: 31.0

Figure saved to: GLEAMS/results/2026-02-08_182754/training_plots/epoch_005_batch_1000_distances.png
ROC curve saved to: GLEAMS/results/2026-02-08_182754/training_plots/epoch_005_batch_1000_roc.png

FDR threshold computation:
  Target FDR: 1.0%
  Actual FDR: 0.00%
  Threshold: 2.7411
  Pairs below threshold: 37.0

Figure saved to: GLEAMS/results/2026-02-08_182754/training_plots/epoch_005_batch_1100_distances.png
ROC curve saved to: GLEAMS/results/2026-02-08_182754/training_plots/epoch_005_batch_1100_roc.png

FDR threshold computation:
  Target FDR: 1.0%
  Actual FDR: 0.00%
  Threshold: 5.1977
  Pairs below threshold: 35.0

Figure saved to: GLEAMS/results/2026-02-08_182754/training_plots/epoch_005_batch_1200_distances.png
ROC curve saved to: GLEAMS/results/2026-02-08_182754/training_plots/epoch_005_batch_1200_roc.png

FDR threshold computation:
  Target FDR: 1.0%
  Actual FDR: 0.00%
  Threshold: 2.6792
  Pairs below threshold: 20.0

Figure saved to: GLEAMS/results/2026-02-08_182754/training_plots/epoch_005_batch_1300_distances.png
ROC curve saved to: GLEAMS/results/2026-02-08_182754/training_plots/epoch_005_batch_1300_roc.png

FDR threshold computation:
  Target FDR: 1.0%
  Actual FDR: 0.00%
  Threshold: 4.7381
  Pairs below threshold: 40.0

Figure saved to: GLEAMS/results/2026-02-08_182754/training_plots/epoch_005_batch_1400_distances.png
ROC curve saved to: GLEAMS/results/2026-02-08_182754/training_plots/epoch_005_batch_1400_roc.png

FDR threshold computation:
  Target FDR: 1.0%
  Actual FDR: 0.00%
  Threshold: 2.6470
  Pairs below threshold: 31.0

Figure saved to: GLEAMS/results/2026-02-08_182754/training_plots/epoch_005_batch_1500_distances.png
ROC curve saved to: GLEAMS/results/2026-02-08_182754/training_plots/epoch_005_batch_1500_roc.png
⚠️  Warning: Model is on cuda:0 but device argument is cuda

  Validation loss statistics:
    Mean: 0.1199
    Median: 0.1566
    Std: 0.0897
    Min: 0.0013
    Max: 0.2297
    95th percentile: 0.2242

  Label distribution:
    Positive pairs: 10,000 (50.0%)
    Negative pairs: 10,000 (50.0%)

  Embedding distances:
    Positive pairs - Mean: 0.0719, Median: 0.0271
    Negative pairs - Mean: 0.0723, Median: 0.0270
    Expected: Positive distances should be LOW, Negative distances should be HIGH (>margin=0.5)
  Training: avg_loss=0.0002 over 1563 batches

  📊 Creating validation plots for epoch 5 (entire validation set)...

FDR threshold computation:
  Target FDR: 1.0%
  Actual FDR: 0.00%
  Threshold: 1.3170
  Pairs below threshold: 1.0

Figure saved to: GLEAMS/results/2026-02-08_182754/training_plots/epoch_005_validation_distances.png
ROC curve saved to: GLEAMS/results/2026-02-08_182754/training_plots/epoch_005_validation_roc.png
  ✓ Validation plots saved to GLEAMS/results/2026-02-08_182754/training_plots
    - Validation AUC: 0.4992
    - Validation pos distance mean: 4.0836
    - Validation neg distance mean: 4.0957
Epoch 5/5 | train_loss=0.000196 | val_loss=0.119938 | lr=1.93e-05 | time=1594.1s

Training complete!
Loss log written to: GLEAMS/results/2026-02-08_182754/loss_log.csv
Best model (val_loss=0.116161) saved to: GLEAMS/results/2026-02-08_182754/best_model.pt
Final model saved to: GLEAMS/results/2026-02-08_182754/final_model.pt
