================================================================================
Starting new training run - 2026-02-08 15:45:41
Command-line arguments:
  data_dir: GLEAMS/data
  train_metadata: GLEAMS/data/train_metadata.parquet
  test_metadata: GLEAMS/data/test_metadata.parquet
  train_pairs_pos: GLEAMS/data/train_metadata_pairs_pos_2.npy
  train_pairs_neg: GLEAMS/data/train_metadata_pairs_neg_2.npy
  test_pairs_pos: GLEAMS/data/test_metadata_pairs_pos_2.npy
  test_pairs_neg: GLEAMS/data/test_metadata_pairs_neg_2.npy
  mgf_file: GLEAMS/data/massivekb_82c0124b.mgf
  log_csv: GLEAMS/results/2026-02-08_154541/loss_log.csv
  log_txt: GLEAMS/results/2026-02-08_154541/training.log
  best_model_path: GLEAMS/results/2026-02-08_154541/best_model.pt
  final_model_path: GLEAMS/results/2026-02-08_154541/final_model.pt
  dim_model: 256
  n_head: 4
  dim_feedforward: 512
  n_layers: 2
  dropout: 0.1
  batch_size: 64
  gradient_accumulation_steps: 4
  n_epochs: 5
  learning_rate: 0.0001
  weight_decay: 1e-05
  gradient_clip_norm: 1.0
  margin: 0.5
  label_certainty: 1.0
  warmup_iters: 250
  cosine_schedule_iters: 2500
  scheduler_patience: 2
  max_train_pairs: 50000
  max_val_pairs: 10000
================================================================================
Loading metadata files...
Train metadata: 800,000 rows
Test metadata: 200,000 rows
Train pairs: 1,713,842 positive, 11,461,678 negative
Val pairs: 107,229 positive, 713,210 negative
Using device: cuda
  GPU: NVIDIA GeForce RTX 3080 Ti
  Memory: 12.9 GB

⚠️  IMPORTANT: Using contrastive loss with:
   Margin: 0.5 (config default: 0.5)
   Label certainty: 1.0 (config default: 1.0)

📈 Learning rate schedule:
   Peak LR: 0.0001
   Warmup iterations: 250 batches
   Cosine decay period: 2500 batches
   Note: Scheduler steps after each batch, not epoch

Unique metadata row indices needed (train): 473,992
Unique metadata row indices needed (val):   117,421
Unique metadata row indices needed (total): 521,580
MGF scan number range: 1 to 3,046,416

Loading 521,580 spectra from MGF file by scan number...
Loading spectra from GLEAMS/data/massivekb_82c0124b.mgf...
✓ Loaded 521,580 spectra
✓ Loaded 521,580 spectra with max 2371 peaks in 7.9 min
✓ Dataset loading complete!
⚠️  Max peaks per spectrum: 2,371 (affects GPU memory usage)

Creating index mapping...
✓ Mapped 521,580 metadata rows to dataset indices

Remapping pair indices to dataset indices...
✓ Pair remapping complete!

Total pairs: 100,000
Creating DataLoader with 100,000 total pairs, batch_size=64
Expected batches per epoch: 1562
Total pairs: 20,000
Creating DataLoader with 20,000 total pairs, batch_size=64
Expected batches per epoch: 312

🔍 Embedding diagnostics (first batch):
   Embedding shape: torch.Size([64, 256])
   Emb1 - mean: 0.0000, std: 1.0000, norm: 15.9999
   Emb2 - mean: 0.0000, std: 1.0000, norm: 15.9999
   Full output shape: torch.Size([64, 2372, 256])
   Using GLOBAL TOKEN (best performance so far)
   Issue: Model not learning discriminative features from peaks

   Cosine similarity (should differ for pos/neg):
   Positive pairs: 0.8940 (should be HIGH ~1.0)
   Negative pairs: 0.9078 (should be LOW ~0.0)
   Difference: -0.0139 (>0.1 is good)

   Embedding diversity check:
   Mean pairwise cosine similarity: 0.5904
   (Should be < 0.5 for diverse embeddings, ~1.0 means collapsed)


🔍 Loss function debug (first batch):
   Margin: 0.5, Label certainty: 1.0
   Positive cosine distances: mean=0.1060, loss=0.0127
   Negative cosine distances: mean=0.0922, loss=0.1678
   Using NORMALIZED embeddings with cosine distance
   Distance range: [0, 2] (bounded, prevents explosion)
   Positive weight: distance² (bounded by normalization)
   Negative weight: clamp(margin - distance)²

   Gradient norm: 0.0462


FDR threshold computation:
  Target FDR: 1.0%
  Actual FDR: 0.00%
  Threshold: 10.0525
  Pairs below threshold: 25.0

Figure saved to: GLEAMS/results/2026-02-08_154541/training_plots/epoch_001_batch_0100_distances.png
ROC curve saved to: GLEAMS/results/2026-02-08_154541/training_plots/epoch_001_batch_0100_roc.png

FDR threshold computation:
  Target FDR: 1.0%
  Actual FDR: 0.00%
  Threshold: 6.8693
  Pairs below threshold: 35.0

Figure saved to: GLEAMS/results/2026-02-08_154541/training_plots/epoch_001_batch_0200_distances.png
ROC curve saved to: GLEAMS/results/2026-02-08_154541/training_plots/epoch_001_batch_0200_roc.png

FDR threshold computation:
  Target FDR: 1.0%
  Actual FDR: 0.00%
  Threshold: 7.1181
  Pairs below threshold: 25.0

Figure saved to: GLEAMS/results/2026-02-08_154541/training_plots/epoch_001_batch_0300_distances.png
ROC curve saved to: GLEAMS/results/2026-02-08_154541/training_plots/epoch_001_batch_0300_roc.png

FDR threshold computation:
  Target FDR: 1.0%
  Actual FDR: 0.00%
  Threshold: 5.6744
  Pairs below threshold: 36.0

Figure saved to: GLEAMS/results/2026-02-08_154541/training_plots/epoch_001_batch_0400_distances.png
ROC curve saved to: GLEAMS/results/2026-02-08_154541/training_plots/epoch_001_batch_0400_roc.png

FDR threshold computation:
  Target FDR: 1.0%
  Actual FDR: 0.00%
  Threshold: 5.8719
  Pairs below threshold: 35.0

Figure saved to: GLEAMS/results/2026-02-08_154541/training_plots/epoch_001_batch_0500_distances.png
ROC curve saved to: GLEAMS/results/2026-02-08_154541/training_plots/epoch_001_batch_0500_roc.png

FDR threshold computation:
  Target FDR: 1.0%
  Actual FDR: 0.00%
  Threshold: 5.3108
  Pairs below threshold: 34.0

Figure saved to: GLEAMS/results/2026-02-08_154541/training_plots/epoch_001_batch_0600_distances.png
ROC curve saved to: GLEAMS/results/2026-02-08_154541/training_plots/epoch_001_batch_0600_roc.png

FDR threshold computation:
  Target FDR: 1.0%
  Actual FDR: 0.00%
  Threshold: 5.2345
  Pairs below threshold: 39.0

Figure saved to: GLEAMS/results/2026-02-08_154541/training_plots/epoch_001_batch_0700_distances.png
ROC curve saved to: GLEAMS/results/2026-02-08_154541/training_plots/epoch_001_batch_0700_roc.png

FDR threshold computation:
  Target FDR: 1.0%
  Actual FDR: 0.00%
  Threshold: 4.9315
  Pairs below threshold: 32.0

Figure saved to: GLEAMS/results/2026-02-08_154541/training_plots/epoch_001_batch_0800_distances.png
ROC curve saved to: GLEAMS/results/2026-02-08_154541/training_plots/epoch_001_batch_0800_roc.png

FDR threshold computation:
  Target FDR: 1.0%
  Actual FDR: 0.00%
  Threshold: 5.0093
  Pairs below threshold: 32.0

Figure saved to: GLEAMS/results/2026-02-08_154541/training_plots/epoch_001_batch_0900_distances.png
ROC curve saved to: GLEAMS/results/2026-02-08_154541/training_plots/epoch_001_batch_0900_roc.png

FDR threshold computation:
  Target FDR: 1.0%
  Actual FDR: 0.00%
  Threshold: 5.0463
  Pairs below threshold: 36.0

Figure saved to: GLEAMS/results/2026-02-08_154541/training_plots/epoch_001_batch_1000_distances.png
ROC curve saved to: GLEAMS/results/2026-02-08_154541/training_plots/epoch_001_batch_1000_roc.png

FDR threshold computation:
  Target FDR: 1.0%
  Actual FDR: 0.00%
  Threshold: 5.1328
  Pairs below threshold: 32.0

Figure saved to: GLEAMS/results/2026-02-08_154541/training_plots/epoch_001_batch_1100_distances.png
ROC curve saved to: GLEAMS/results/2026-02-08_154541/training_plots/epoch_001_batch_1100_roc.png

FDR threshold computation:
  Target FDR: 1.0%
  Actual FDR: 0.00%
  Threshold: 8.4049
  Pairs below threshold: 30.0

Figure saved to: GLEAMS/results/2026-02-08_154541/training_plots/epoch_001_batch_1200_distances.png
ROC curve saved to: GLEAMS/results/2026-02-08_154541/training_plots/epoch_001_batch_1200_roc.png

FDR threshold computation:
  Target FDR: 1.0%
  Actual FDR: 0.00%
  Threshold: 4.9425
  Pairs below threshold: 34.0

Figure saved to: GLEAMS/results/2026-02-08_154541/training_plots/epoch_001_batch_1300_distances.png
ROC curve saved to: GLEAMS/results/2026-02-08_154541/training_plots/epoch_001_batch_1300_roc.png

FDR threshold computation:
  Target FDR: 1.0%
  Actual FDR: 0.00%
  Threshold: 4.7446
  Pairs below threshold: 27.0

Figure saved to: GLEAMS/results/2026-02-08_154541/training_plots/epoch_001_batch_1400_distances.png
ROC curve saved to: GLEAMS/results/2026-02-08_154541/training_plots/epoch_001_batch_1400_roc.png

FDR threshold computation:
  Target FDR: 1.0%
  Actual FDR: 0.00%
  Threshold: 6.9518
  Pairs below threshold: 33.0

Figure saved to: GLEAMS/results/2026-02-08_154541/training_plots/epoch_001_batch_1500_distances.png
ROC curve saved to: GLEAMS/results/2026-02-08_154541/training_plots/epoch_001_batch_1500_roc.png
⚠️  Warning: Model is on cuda:0 but device argument is cuda
/home/saartje/miniconda3/envs/gleams/lib/python3.10/site-packages/torch/nn/modules/transformer.py:408: UserWarning: The PyTorch API of nested tensors is in prototype stage and will change in the near future. (Triggered internally at ../aten/src/ATen/NestedTensorImpl.cpp:178.)
  output = torch._nested_tensor_from_mask(output, src_key_padding_mask.logical_not(), mask_check=False)

  Validation loss statistics:
    Mean: 0.1061
    Median: 0.1361
    Std: 0.0835
    Min: 0.0032
    Max: 0.2122
    95th percentile: 0.2050

  Label distribution:
    Positive pairs: 10,000 (50.0%)
    Negative pairs: 10,000 (50.0%)

  Embedding distances:
    Positive pairs - Mean: 0.0849, Median: 0.0543
    Negative pairs - Mean: 0.0841, Median: 0.0544
    Expected: Positive distances should be LOW, Negative distances should be HIGH (>margin=0.5)
  Training: avg_loss=0.0085 over 1563 batches

  📊 Creating validation plots for epoch 1 (entire validation set)...
Warning: No threshold found for FDR=0.01. Using median of negative distances.

Figure saved to: GLEAMS/results/2026-02-08_154541/training_plots/epoch_001_validation_distances.png
ROC curve saved to: GLEAMS/results/2026-02-08_154541/training_plots/epoch_001_validation_roc.png
  ✓ Validation plots saved to GLEAMS/results/2026-02-08_154541/training_plots
    - Validation AUC: 0.5004
    - Validation pos distance mean: 5.8927
    - Validation neg distance mean: 5.8787
✓ Saved best model (val_loss=0.106055) to GLEAMS/results/2026-02-08_154541/best_model.pt
Epoch 1/5 | train_loss=0.008480 | val_loss=0.106055 | lr=3.08e-05 | time=1593.0s

FDR threshold computation:
  Target FDR: 1.0%
  Actual FDR: 0.00%
  Threshold: 12.8680
  Pairs below threshold: 29.0

Figure saved to: GLEAMS/results/2026-02-08_154541/training_plots/epoch_002_batch_0100_distances.png
ROC curve saved to: GLEAMS/results/2026-02-08_154541/training_plots/epoch_002_batch_0100_roc.png

FDR threshold computation:
  Target FDR: 1.0%
  Actual FDR: 0.00%
  Threshold: 5.0712
  Pairs below threshold: 26.0

Figure saved to: GLEAMS/results/2026-02-08_154541/training_plots/epoch_002_batch_0200_distances.png
ROC curve saved to: GLEAMS/results/2026-02-08_154541/training_plots/epoch_002_batch_0200_roc.png

FDR threshold computation:
  Target FDR: 1.0%
  Actual FDR: 0.00%
  Threshold: 4.7350
  Pairs below threshold: 27.0

Figure saved to: GLEAMS/results/2026-02-08_154541/training_plots/epoch_002_batch_0300_distances.png
ROC curve saved to: GLEAMS/results/2026-02-08_154541/training_plots/epoch_002_batch_0300_roc.png

FDR threshold computation:
  Target FDR: 1.0%
  Actual FDR: 0.00%
  Threshold: 5.0326
  Pairs below threshold: 28.0

Figure saved to: GLEAMS/results/2026-02-08_154541/training_plots/epoch_002_batch_0400_distances.png
ROC curve saved to: GLEAMS/results/2026-02-08_154541/training_plots/epoch_002_batch_0400_roc.png

FDR threshold computation:
  Target FDR: 1.0%
  Actual FDR: 0.00%
  Threshold: 4.8155
  Pairs below threshold: 37.0

Figure saved to: GLEAMS/results/2026-02-08_154541/training_plots/epoch_002_batch_0500_distances.png
ROC curve saved to: GLEAMS/results/2026-02-08_154541/training_plots/epoch_002_batch_0500_roc.png

FDR threshold computation:
  Target FDR: 1.0%
  Actual FDR: 0.00%
  Threshold: 12.6314
  Pairs below threshold: 32.0

Figure saved to: GLEAMS/results/2026-02-08_154541/training_plots/epoch_002_batch_0600_distances.png
ROC curve saved to: GLEAMS/results/2026-02-08_154541/training_plots/epoch_002_batch_0600_roc.png

FDR threshold computation:
  Target FDR: 1.0%
  Actual FDR: 0.00%
  Threshold: 10.9374
  Pairs below threshold: 36.0

Figure saved to: GLEAMS/results/2026-02-08_154541/training_plots/epoch_002_batch_0700_distances.png
ROC curve saved to: GLEAMS/results/2026-02-08_154541/training_plots/epoch_002_batch_0700_roc.png

FDR threshold computation:
  Target FDR: 1.0%
  Actual FDR: 0.00%
  Threshold: 11.5178
  Pairs below threshold: 35.0

Figure saved to: GLEAMS/results/2026-02-08_154541/training_plots/epoch_002_batch_0800_distances.png
ROC curve saved to: GLEAMS/results/2026-02-08_154541/training_plots/epoch_002_batch_0800_roc.png

FDR threshold computation:
  Target FDR: 1.0%
  Actual FDR: 0.00%
  Threshold: 4.7763
  Pairs below threshold: 36.0

Figure saved to: GLEAMS/results/2026-02-08_154541/training_plots/epoch_002_batch_0900_distances.png
ROC curve saved to: GLEAMS/results/2026-02-08_154541/training_plots/epoch_002_batch_0900_roc.png

FDR threshold computation:
  Target FDR: 1.0%
  Actual FDR: 0.00%
  Threshold: 5.0057
  Pairs below threshold: 28.0

Figure saved to: GLEAMS/results/2026-02-08_154541/training_plots/epoch_002_batch_1000_distances.png
ROC curve saved to: GLEAMS/results/2026-02-08_154541/training_plots/epoch_002_batch_1000_roc.png

FDR threshold computation:
  Target FDR: 1.0%
  Actual FDR: 0.00%
  Threshold: 4.7836
  Pairs below threshold: 32.0

Figure saved to: GLEAMS/results/2026-02-08_154541/training_plots/epoch_002_batch_1100_distances.png
ROC curve saved to: GLEAMS/results/2026-02-08_154541/training_plots/epoch_002_batch_1100_roc.png

FDR threshold computation:
  Target FDR: 1.0%
  Actual FDR: 0.00%
  Threshold: 14.6319
  Pairs below threshold: 30.0

Figure saved to: GLEAMS/results/2026-02-08_154541/training_plots/epoch_002_batch_1200_distances.png
ROC curve saved to: GLEAMS/results/2026-02-08_154541/training_plots/epoch_002_batch_1200_roc.png

FDR threshold computation:
  Target FDR: 1.0%
  Actual FDR: 0.00%
  Threshold: 13.4578
  Pairs below threshold: 40.0

Figure saved to: GLEAMS/results/2026-02-08_154541/training_plots/epoch_002_batch_1300_distances.png
ROC curve saved to: GLEAMS/results/2026-02-08_154541/training_plots/epoch_002_batch_1300_roc.png

FDR threshold computation:
  Target FDR: 1.0%
  Actual FDR: 0.00%
  Threshold: 5.0064
  Pairs below threshold: 26.0

Figure saved to: GLEAMS/results/2026-02-08_154541/training_plots/epoch_002_batch_1400_distances.png
ROC curve saved to: GLEAMS/results/2026-02-08_154541/training_plots/epoch_002_batch_1400_roc.png

FDR threshold computation:
  Target FDR: 1.0%
  Actual FDR: 0.00%
  Threshold: 14.8958
  Pairs below threshold: 32.0

Figure saved to: GLEAMS/results/2026-02-08_154541/training_plots/epoch_002_batch_1500_distances.png
ROC curve saved to: GLEAMS/results/2026-02-08_154541/training_plots/epoch_002_batch_1500_roc.png
⚠️  Warning: Model is on cuda:0 but device argument is cuda

  Validation loss statistics:
    Mean: 0.1081
    Median: 0.1468
    Std: 0.0826
    Min: 0.0032
    Max: 0.2133
    95th percentile: 0.2060

  Label distribution:
    Positive pairs: 10,000 (50.0%)
    Negative pairs: 10,000 (50.0%)

  Embedding distances:
    Positive pairs - Mean: 0.0870, Median: 0.0521
    Negative pairs - Mean: 0.0862, Median: 0.0523
    Expected: Positive distances should be LOW, Negative distances should be HIGH (>margin=0.5)
  Training: avg_loss=0.0021 over 1563 batches

  📊 Creating validation plots for epoch 2 (entire validation set)...
Warning: No threshold found for FDR=0.01. Using median of negative distances.

Figure saved to: GLEAMS/results/2026-02-08_154541/training_plots/epoch_002_validation_distances.png
ROC curve saved to: GLEAMS/results/2026-02-08_154541/training_plots/epoch_002_validation_roc.png
  ✓ Validation plots saved to GLEAMS/results/2026-02-08_154541/training_plots
    - Validation AUC: 0.5000
    - Validation pos distance mean: 5.8896
    - Validation neg distance mean: 5.8760
Epoch 2/5 | train_loss=0.002109 | val_loss=0.108060 | lr=1.47e-05 | time=1593.9s

FDR threshold computation:
  Target FDR: 1.0%
  Actual FDR: 0.00%
  Threshold: 4.5840
  Pairs below threshold: 32.0

Figure saved to: GLEAMS/results/2026-02-08_154541/training_plots/epoch_003_batch_0100_distances.png
ROC curve saved to: GLEAMS/results/2026-02-08_154541/training_plots/epoch_003_batch_0100_roc.png

FDR threshold computation:
  Target FDR: 1.0%
  Actual FDR: 0.00%
  Threshold: 6.8152
  Pairs below threshold: 41.0

Figure saved to: GLEAMS/results/2026-02-08_154541/training_plots/epoch_003_batch_0200_distances.png
ROC curve saved to: GLEAMS/results/2026-02-08_154541/training_plots/epoch_003_batch_0200_roc.png

FDR threshold computation:
  Target FDR: 1.0%
  Actual FDR: 0.00%
  Threshold: 4.6730
  Pairs below threshold: 33.0

Figure saved to: GLEAMS/results/2026-02-08_154541/training_plots/epoch_003_batch_0300_distances.png
ROC curve saved to: GLEAMS/results/2026-02-08_154541/training_plots/epoch_003_batch_0300_roc.png

FDR threshold computation:
  Target FDR: 1.0%
  Actual FDR: 0.00%
  Threshold: 4.5493
  Pairs below threshold: 31.0

Figure saved to: GLEAMS/results/2026-02-08_154541/training_plots/epoch_003_batch_0400_distances.png
ROC curve saved to: GLEAMS/results/2026-02-08_154541/training_plots/epoch_003_batch_0400_roc.png

FDR threshold computation:
  Target FDR: 1.0%
  Actual FDR: 0.00%
  Threshold: 5.0062
  Pairs below threshold: 32.0

Figure saved to: GLEAMS/results/2026-02-08_154541/training_plots/epoch_003_batch_0500_distances.png
ROC curve saved to: GLEAMS/results/2026-02-08_154541/training_plots/epoch_003_batch_0500_roc.png

FDR threshold computation:
  Target FDR: 1.0%
  Actual FDR: 0.00%
  Threshold: 10.6911
  Pairs below threshold: 33.0

Figure saved to: GLEAMS/results/2026-02-08_154541/training_plots/epoch_003_batch_0600_distances.png
ROC curve saved to: GLEAMS/results/2026-02-08_154541/training_plots/epoch_003_batch_0600_roc.png

FDR threshold computation:
  Target FDR: 1.0%
  Actual FDR: 0.00%
  Threshold: 4.5945
  Pairs below threshold: 30.0

Figure saved to: GLEAMS/results/2026-02-08_154541/training_plots/epoch_003_batch_0700_distances.png
ROC curve saved to: GLEAMS/results/2026-02-08_154541/training_plots/epoch_003_batch_0700_roc.png

FDR threshold computation:
  Target FDR: 1.0%
  Actual FDR: 0.00%
  Threshold: 9.3721
  Pairs below threshold: 30.0

Figure saved to: GLEAMS/results/2026-02-08_154541/training_plots/epoch_003_batch_0800_distances.png
ROC curve saved to: GLEAMS/results/2026-02-08_154541/training_plots/epoch_003_batch_0800_roc.png

FDR threshold computation:
  Target FDR: 1.0%
  Actual FDR: 0.00%
  Threshold: 14.2013
  Pairs below threshold: 32.0

Figure saved to: GLEAMS/results/2026-02-08_154541/training_plots/epoch_003_batch_0900_distances.png
ROC curve saved to: GLEAMS/results/2026-02-08_154541/training_plots/epoch_003_batch_0900_roc.png

FDR threshold computation:
  Target FDR: 1.0%
  Actual FDR: 0.00%
  Threshold: 4.2862
  Pairs below threshold: 25.0

Figure saved to: GLEAMS/results/2026-02-08_154541/training_plots/epoch_003_batch_1000_distances.png
ROC curve saved to: GLEAMS/results/2026-02-08_154541/training_plots/epoch_003_batch_1000_roc.png

FDR threshold computation:
  Target FDR: 1.0%
  Actual FDR: 0.00%
  Threshold: 4.4876
  Pairs below threshold: 36.0

Figure saved to: GLEAMS/results/2026-02-08_154541/training_plots/epoch_003_batch_1100_distances.png
ROC curve saved to: GLEAMS/results/2026-02-08_154541/training_plots/epoch_003_batch_1100_roc.png

FDR threshold computation:
  Target FDR: 1.0%
  Actual FDR: 0.00%
  Threshold: 5.1353
  Pairs below threshold: 39.0

Figure saved to: GLEAMS/results/2026-02-08_154541/training_plots/epoch_003_batch_1200_distances.png
ROC curve saved to: GLEAMS/results/2026-02-08_154541/training_plots/epoch_003_batch_1200_roc.png

FDR threshold computation:
  Target FDR: 1.0%
  Actual FDR: 0.00%
  Threshold: 4.4369
  Pairs below threshold: 28.0

Figure saved to: GLEAMS/results/2026-02-08_154541/training_plots/epoch_003_batch_1300_distances.png
ROC curve saved to: GLEAMS/results/2026-02-08_154541/training_plots/epoch_003_batch_1300_roc.png

FDR threshold computation:
  Target FDR: 1.0%
  Actual FDR: 0.00%
  Threshold: 4.4099
  Pairs below threshold: 43.0

Figure saved to: GLEAMS/results/2026-02-08_154541/training_plots/epoch_003_batch_1400_distances.png
ROC curve saved to: GLEAMS/results/2026-02-08_154541/training_plots/epoch_003_batch_1400_roc.png

FDR threshold computation:
  Target FDR: 1.0%
  Actual FDR: 0.00%
  Threshold: 4.0381
  Pairs below threshold: 29.0

Figure saved to: GLEAMS/results/2026-02-08_154541/training_plots/epoch_003_batch_1500_distances.png
ROC curve saved to: GLEAMS/results/2026-02-08_154541/training_plots/epoch_003_batch_1500_roc.png
⚠️  Warning: Model is on cuda:0 but device argument is cuda

  Validation loss statistics:
    Mean: 0.1129
    Median: 0.1461
    Std: 0.0832
    Min: 0.0027
    Max: 0.2182
    95th percentile: 0.2115

  Label distribution:
    Positive pairs: 10,000 (50.0%)
    Negative pairs: 10,000 (50.0%)

  Embedding distances:
    Positive pairs - Mean: 0.0861, Median: 0.0430
    Negative pairs - Mean: 0.0862, Median: 0.0431
    Expected: Positive distances should be LOW, Negative distances should be HIGH (>margin=0.5)
  Training: avg_loss=0.0018 over 1563 batches

  📊 Creating validation plots for epoch 3 (entire validation set)...
Warning: No threshold found for FDR=0.01. Using median of negative distances.

Figure saved to: GLEAMS/results/2026-02-08_154541/training_plots/epoch_003_validation_distances.png
ROC curve saved to: GLEAMS/results/2026-02-08_154541/training_plots/epoch_003_validation_roc.png
  ✓ Validation plots saved to GLEAMS/results/2026-02-08_154541/training_plots
    - Validation AUC: 0.4990
    - Validation pos distance mean: 5.6487
    - Validation neg distance mean: 5.6468
Epoch 3/5 | train_loss=0.001844 | val_loss=0.112942 | lr=9.62e-05 | time=1593.0s

FDR threshold computation:
  Target FDR: 1.0%
  Actual FDR: 0.00%
  Threshold: 4.1051
  Pairs below threshold: 33.0

Figure saved to: GLEAMS/results/2026-02-08_154541/training_plots/epoch_004_batch_0100_distances.png
ROC curve saved to: GLEAMS/results/2026-02-08_154541/training_plots/epoch_004_batch_0100_roc.png

FDR threshold computation:
  Target FDR: 1.0%
  Actual FDR: 0.00%
  Threshold: 4.5226
  Pairs below threshold: 27.0

Figure saved to: GLEAMS/results/2026-02-08_154541/training_plots/epoch_004_batch_0200_distances.png
ROC curve saved to: GLEAMS/results/2026-02-08_154541/training_plots/epoch_004_batch_0200_roc.png

FDR threshold computation:
  Target FDR: 1.0%
  Actual FDR: 0.00%
  Threshold: 4.0494
  Pairs below threshold: 30.0

Figure saved to: GLEAMS/results/2026-02-08_154541/training_plots/epoch_004_batch_0300_distances.png
ROC curve saved to: GLEAMS/results/2026-02-08_154541/training_plots/epoch_004_batch_0300_roc.png

FDR threshold computation:
  Target FDR: 1.0%
  Actual FDR: 0.00%
  Threshold: 13.4896
  Pairs below threshold: 28.0

Figure saved to: GLEAMS/results/2026-02-08_154541/training_plots/epoch_004_batch_0400_distances.png
ROC curve saved to: GLEAMS/results/2026-02-08_154541/training_plots/epoch_004_batch_0400_roc.png

FDR threshold computation:
  Target FDR: 1.0%
  Actual FDR: 0.00%
  Threshold: 12.1876
  Pairs below threshold: 26.0

Figure saved to: GLEAMS/results/2026-02-08_154541/training_plots/epoch_004_batch_0500_distances.png
ROC curve saved to: GLEAMS/results/2026-02-08_154541/training_plots/epoch_004_batch_0500_roc.png

FDR threshold computation:
  Target FDR: 1.0%
  Actual FDR: 0.00%
  Threshold: 14.0463
  Pairs below threshold: 30.0

Figure saved to: GLEAMS/results/2026-02-08_154541/training_plots/epoch_004_batch_0600_distances.png
ROC curve saved to: GLEAMS/results/2026-02-08_154541/training_plots/epoch_004_batch_0600_roc.png

FDR threshold computation:
  Target FDR: 1.0%
  Actual FDR: 0.00%
  Threshold: 10.8879
  Pairs below threshold: 33.0

Figure saved to: GLEAMS/results/2026-02-08_154541/training_plots/epoch_004_batch_0700_distances.png
ROC curve saved to: GLEAMS/results/2026-02-08_154541/training_plots/epoch_004_batch_0700_roc.png

FDR threshold computation:
  Target FDR: 1.0%
  Actual FDR: 0.00%
  Threshold: 3.9946
  Pairs below threshold: 32.0

Figure saved to: GLEAMS/results/2026-02-08_154541/training_plots/epoch_004_batch_0800_distances.png
ROC curve saved to: GLEAMS/results/2026-02-08_154541/training_plots/epoch_004_batch_0800_roc.png

FDR threshold computation:
  Target FDR: 1.0%
  Actual FDR: 0.00%
  Threshold: 6.8226
  Pairs below threshold: 32.0

Figure saved to: GLEAMS/results/2026-02-08_154541/training_plots/epoch_004_batch_0900_distances.png
ROC curve saved to: GLEAMS/results/2026-02-08_154541/training_plots/epoch_004_batch_0900_roc.png

FDR threshold computation:
  Target FDR: 1.0%
  Actual FDR: 0.00%
  Threshold: 5.3753
  Pairs below threshold: 29.0

Figure saved to: GLEAMS/results/2026-02-08_154541/training_plots/epoch_004_batch_1000_distances.png
ROC curve saved to: GLEAMS/results/2026-02-08_154541/training_plots/epoch_004_batch_1000_roc.png

FDR threshold computation:
  Target FDR: 1.0%
  Actual FDR: 0.00%
  Threshold: 4.0841
  Pairs below threshold: 35.0

Figure saved to: GLEAMS/results/2026-02-08_154541/training_plots/epoch_004_batch_1100_distances.png
ROC curve saved to: GLEAMS/results/2026-02-08_154541/training_plots/epoch_004_batch_1100_roc.png

FDR threshold computation:
  Target FDR: 1.0%
  Actual FDR: 0.00%
  Threshold: 3.7400
  Pairs below threshold: 27.0

Figure saved to: GLEAMS/results/2026-02-08_154541/training_plots/epoch_004_batch_1200_distances.png
ROC curve saved to: GLEAMS/results/2026-02-08_154541/training_plots/epoch_004_batch_1200_roc.png

FDR threshold computation:
  Target FDR: 1.0%
  Actual FDR: 0.00%
  Threshold: 4.0360
  Pairs below threshold: 28.0

Figure saved to: GLEAMS/results/2026-02-08_154541/training_plots/epoch_004_batch_1300_distances.png
ROC curve saved to: GLEAMS/results/2026-02-08_154541/training_plots/epoch_004_batch_1300_roc.png

FDR threshold computation:
  Target FDR: 1.0%
  Actual FDR: 0.00%
  Threshold: 4.3193
  Pairs below threshold: 38.0

Figure saved to: GLEAMS/results/2026-02-08_154541/training_plots/epoch_004_batch_1400_distances.png
ROC curve saved to: GLEAMS/results/2026-02-08_154541/training_plots/epoch_004_batch_1400_roc.png

FDR threshold computation:
  Target FDR: 1.0%
  Actual FDR: 0.00%
  Threshold: 9.9360
  Pairs below threshold: 33.0

Figure saved to: GLEAMS/results/2026-02-08_154541/training_plots/epoch_004_batch_1500_distances.png
ROC curve saved to: GLEAMS/results/2026-02-08_154541/training_plots/epoch_004_batch_1500_roc.png
⚠️  Warning: Model is on cuda:0 but device argument is cuda

  Validation loss statistics:
    Mean: 0.1153
    Median: 0.1459
    Std: 0.0781
    Min: 0.0035
    Max: 0.2167
    95th percentile: 0.2094

  Label distribution:
    Positive pairs: 10,000 (50.0%)
    Negative pairs: 10,000 (50.0%)

  Embedding distances:
    Positive pairs - Mean: 0.0980, Median: 0.0461
    Negative pairs - Mean: 0.0983, Median: 0.0460
    Expected: Positive distances should be LOW, Negative distances should be HIGH (>margin=0.5)
  Training: avg_loss=0.0010 over 1563 batches

  📊 Creating validation plots for epoch 4 (entire validation set)...
Warning: No threshold found for FDR=0.01. Using median of negative distances.

Figure saved to: GLEAMS/results/2026-02-08_154541/training_plots/epoch_004_validation_distances.png
ROC curve saved to: GLEAMS/results/2026-02-08_154541/training_plots/epoch_004_validation_roc.png
  ✓ Validation plots saved to GLEAMS/results/2026-02-08_154541/training_plots
    - Validation AUC: 0.4977
    - Validation pos distance mean: 5.8832
    - Validation neg distance mean: 5.8827
Epoch 4/5 | train_loss=0.000981 | val_loss=0.115319 | lr=4.99e-05 | time=1592.5s

FDR threshold computation:
  Target FDR: 1.0%
  Actual FDR: 0.00%
  Threshold: 8.7966
  Pairs below threshold: 39.0

Figure saved to: GLEAMS/results/2026-02-08_154541/training_plots/epoch_005_batch_0100_distances.png
ROC curve saved to: GLEAMS/results/2026-02-08_154541/training_plots/epoch_005_batch_0100_roc.png

FDR threshold computation:
  Target FDR: 1.0%
  Actual FDR: 0.00%
  Threshold: 5.4886
  Pairs below threshold: 34.0

Figure saved to: GLEAMS/results/2026-02-08_154541/training_plots/epoch_005_batch_0200_distances.png
ROC curve saved to: GLEAMS/results/2026-02-08_154541/training_plots/epoch_005_batch_0200_roc.png

FDR threshold computation:
  Target FDR: 1.0%
  Actual FDR: 0.00%
  Threshold: 4.4157
  Pairs below threshold: 34.0

Figure saved to: GLEAMS/results/2026-02-08_154541/training_plots/epoch_005_batch_0300_distances.png
ROC curve saved to: GLEAMS/results/2026-02-08_154541/training_plots/epoch_005_batch_0300_roc.png

FDR threshold computation:
  Target FDR: 1.0%
  Actual FDR: 0.00%
  Threshold: 7.3838
  Pairs below threshold: 34.0

Figure saved to: GLEAMS/results/2026-02-08_154541/training_plots/epoch_005_batch_0400_distances.png
ROC curve saved to: GLEAMS/results/2026-02-08_154541/training_plots/epoch_005_batch_0400_roc.png

FDR threshold computation:
  Target FDR: 1.0%
  Actual FDR: 0.00%
  Threshold: 3.6388
  Pairs below threshold: 29.0

Figure saved to: GLEAMS/results/2026-02-08_154541/training_plots/epoch_005_batch_0500_distances.png
ROC curve saved to: GLEAMS/results/2026-02-08_154541/training_plots/epoch_005_batch_0500_roc.png

FDR threshold computation:
  Target FDR: 1.0%
  Actual FDR: 0.00%
  Threshold: 3.9814
  Pairs below threshold: 35.0

Figure saved to: GLEAMS/results/2026-02-08_154541/training_plots/epoch_005_batch_0600_distances.png
ROC curve saved to: GLEAMS/results/2026-02-08_154541/training_plots/epoch_005_batch_0600_roc.png

FDR threshold computation:
  Target FDR: 1.0%
  Actual FDR: 0.00%
  Threshold: 3.7580
  Pairs below threshold: 29.0

Figure saved to: GLEAMS/results/2026-02-08_154541/training_plots/epoch_005_batch_0700_distances.png
ROC curve saved to: GLEAMS/results/2026-02-08_154541/training_plots/epoch_005_batch_0700_roc.png

FDR threshold computation:
  Target FDR: 1.0%
  Actual FDR: 0.00%
  Threshold: 3.9636
  Pairs below threshold: 29.0

Figure saved to: GLEAMS/results/2026-02-08_154541/training_plots/epoch_005_batch_0800_distances.png
ROC curve saved to: GLEAMS/results/2026-02-08_154541/training_plots/epoch_005_batch_0800_roc.png

FDR threshold computation:
  Target FDR: 1.0%
  Actual FDR: 0.00%
  Threshold: 7.6744
  Pairs below threshold: 34.0

Figure saved to: GLEAMS/results/2026-02-08_154541/training_plots/epoch_005_batch_0900_distances.png
ROC curve saved to: GLEAMS/results/2026-02-08_154541/training_plots/epoch_005_batch_0900_roc.png

FDR threshold computation:
  Target FDR: 1.0%
  Actual FDR: 0.00%
  Threshold: 4.0556
  Pairs below threshold: 31.0

Figure saved to: GLEAMS/results/2026-02-08_154541/training_plots/epoch_005_batch_1000_distances.png
ROC curve saved to: GLEAMS/results/2026-02-08_154541/training_plots/epoch_005_batch_1000_roc.png

FDR threshold computation:
  Target FDR: 1.0%
  Actual FDR: 0.00%
  Threshold: 4.6622
  Pairs below threshold: 34.0

Figure saved to: GLEAMS/results/2026-02-08_154541/training_plots/epoch_005_batch_1100_distances.png
ROC curve saved to: GLEAMS/results/2026-02-08_154541/training_plots/epoch_005_batch_1100_roc.png

FDR threshold computation:
  Target FDR: 1.0%
  Actual FDR: 0.00%
  Threshold: 4.0505
  Pairs below threshold: 34.0

Figure saved to: GLEAMS/results/2026-02-08_154541/training_plots/epoch_005_batch_1200_distances.png
ROC curve saved to: GLEAMS/results/2026-02-08_154541/training_plots/epoch_005_batch_1200_roc.png

FDR threshold computation:
  Target FDR: 1.0%
  Actual FDR: 0.00%
  Threshold: 4.1539
  Pairs below threshold: 29.0

Figure saved to: GLEAMS/results/2026-02-08_154541/training_plots/epoch_005_batch_1300_distances.png
ROC curve saved to: GLEAMS/results/2026-02-08_154541/training_plots/epoch_005_batch_1300_roc.png

FDR threshold computation:
  Target FDR: 1.0%
  Actual FDR: 0.00%
  Threshold: 8.1202
  Pairs below threshold: 34.0

Figure saved to: GLEAMS/results/2026-02-08_154541/training_plots/epoch_005_batch_1400_distances.png
ROC curve saved to: GLEAMS/results/2026-02-08_154541/training_plots/epoch_005_batch_1400_roc.png

FDR threshold computation:
  Target FDR: 1.0%
  Actual FDR: 0.00%
  Threshold: 3.7811
  Pairs below threshold: 36.0

Figure saved to: GLEAMS/results/2026-02-08_154541/training_plots/epoch_005_batch_1500_distances.png
ROC curve saved to: GLEAMS/results/2026-02-08_154541/training_plots/epoch_005_batch_1500_roc.png
⚠️  Warning: Model is on cuda:0 but device argument is cuda

  Validation loss statistics:
    Mean: 0.1163
    Median: 0.1449
    Std: 0.0779
    Min: 0.0035
    Max: 0.2249
    95th percentile: 0.2095

  Label distribution:
    Positive pairs: 10,000 (50.0%)
    Negative pairs: 10,000 (50.0%)

  Embedding distances:
    Positive pairs - Mean: 0.0989, Median: 0.0462
    Negative pairs - Mean: 0.0989, Median: 0.0461
    Expected: Positive distances should be LOW, Negative distances should be HIGH (>margin=0.5)
  Training: avg_loss=0.0005 over 1563 batches

  📊 Creating validation plots for epoch 5 (entire validation set)...
Warning: No threshold found for FDR=0.01. Using median of negative distances.

Figure saved to: GLEAMS/results/2026-02-08_154541/training_plots/epoch_005_validation_distances.png
ROC curve saved to: GLEAMS/results/2026-02-08_154541/training_plots/epoch_005_validation_roc.png
  ✓ Validation plots saved to GLEAMS/results/2026-02-08_154541/training_plots
    - Validation AUC: 0.4978
    - Validation pos distance mean: 5.8746
    - Validation neg distance mean: 5.8719
Epoch 5/5 | train_loss=0.000490 | val_loss=0.116251 | lr=3.87e-06 | time=1595.4s

Training complete!
Loss log written to: GLEAMS/results/2026-02-08_154541/loss_log.csv
Best model (val_loss=0.106055) saved to: GLEAMS/results/2026-02-08_154541/best_model.pt
Final model saved to: GLEAMS/results/2026-02-08_154541/final_model.pt
