================================================================================
Starting new training run - 2026-02-08 21:01:00
Command-line arguments:
  data_dir: GLEAMS/data
  train_metadata: GLEAMS/data/train_metadata.parquet
  test_metadata: GLEAMS/data/test_metadata.parquet
  train_pairs_pos: GLEAMS/data/train_metadata_pairs_pos_2.npy
  train_pairs_neg: GLEAMS/data/train_metadata_pairs_neg_2.npy
  test_pairs_pos: GLEAMS/data/test_metadata_pairs_pos_2.npy
  test_pairs_neg: GLEAMS/data/test_metadata_pairs_neg_2.npy
  mgf_file: GLEAMS/data/massivekb_82c0124b.mgf
  log_csv: GLEAMS/results/2026-02-08_210100/loss_log.csv
  log_txt: GLEAMS/results/2026-02-08_210100/training.log
  best_model_path: GLEAMS/results/2026-02-08_210100/best_model.pt
  final_model_path: GLEAMS/results/2026-02-08_210100/final_model.pt
  dim_model: 256
  n_head: 4
  dim_feedforward: 512
  n_layers: 2
  dropout: 0.1
  batch_size: 64
  gradient_accumulation_steps: 4
  n_epochs: 5
  learning_rate: 5e-05
  weight_decay: 1e-05
  gradient_clip_norm: 1.0
  margin: 0.5
  label_certainty: 1.0
  warmup_iters: 250
  cosine_schedule_iters: 2500
  scheduler_patience: 2
  max_train_pairs: 50000
  max_val_pairs: 10000
================================================================================
Loading metadata files...
Train metadata: 800,000 rows
Test metadata: 200,000 rows
Train pairs: 1,713,842 positive, 11,461,678 negative
Val pairs: 107,229 positive, 713,210 negative
Using device: cuda
  GPU: NVIDIA GeForce RTX 3080 Ti
  Memory: 12.9 GB

⚠️  IMPORTANT: Using contrastive loss with:
   Margin: 0.5 (config default: 0.5)
   Label certainty: 1.0 (config default: 1.0)

📈 Learning rate schedule:
   Peak LR: 5e-05
   Warmup iterations: 250 batches
   Cosine decay period: 2500 batches
   Note: Scheduler steps after each batch, not epoch

Unique metadata row indices needed (train): 473,992
Unique metadata row indices needed (val):   117,421
Unique metadata row indices needed (total): 521,580
MGF scan number range: 1 to 3,046,416

Loading 521,580 spectra from MGF file by scan number...
Loading spectra from GLEAMS/data/massivekb_82c0124b.mgf...
✓ Loaded 521,580 spectra
✓ Loaded 521,580 spectra with max 2371 peaks in 7.9 min
✓ Dataset loading complete!
⚠️  Max peaks per spectrum: 2,371 (affects GPU memory usage)

Creating index mapping...
✓ Mapped 521,580 metadata rows to dataset indices

Remapping pair indices to dataset indices...
✓ Pair remapping complete!

Total pairs: 100,000
Creating DataLoader with 100,000 total pairs, batch_size=64
Expected batches per epoch: 1562
Total pairs: 20,000
Creating DataLoader with 20,000 total pairs, batch_size=64
Expected batches per epoch: 312

🔍 Embedding diagnostics (first batch):
   Embedding shape: torch.Size([64, 256])
   Emb1 - mean: 0.0000, std: 1.0000, norm: 15.9999
   Emb2 - mean: 0.0000, std: 1.0000, norm: 15.9999
   Full output shape: torch.Size([64, 2372, 256])
   Using GLOBAL TOKEN (best performance so far)
   Issue: Model not learning discriminative features from peaks

   Cosine similarity (should differ for pos/neg):
   Positive pairs: 0.9109 (should be HIGH ~1.0)
   Negative pairs: 0.8949 (should be LOW ~0.0)
   Difference: 0.0160 (>0.1 is good)

   Embedding diversity check:
   Mean pairwise cosine similarity: 0.5792
   (Should be < 0.5 for diverse embeddings, ~1.0 means collapsed)


🔍 Loss function debug (first batch):
   Margin: 0.5, Label certainty: 1.0
   Positive cosine distances: mean=0.0891, loss=0.0095
   Negative cosine distances: mean=0.1051, loss=0.1571
   Using NORMALIZED embeddings with cosine distance
   Distance range: [0, 2] (bounded, prevents explosion)
   Positive weight: distance² (bounded by normalization)
   Negative weight: clamp(margin - distance)²

   Gradient norm: 0.0631


FDR threshold computation:
  Target FDR: 1.0%
  Actual FDR: 0.00%
  Threshold: 4.1544
  Pairs below threshold: 2.0

Figure saved to: GLEAMS/results/2026-02-08_210100/training_plots/epoch_001_batch_0100_distances.png
ROC curve saved to: GLEAMS/results/2026-02-08_210100/training_plots/epoch_001_batch_0100_roc.png

FDR threshold computation:
  Target FDR: 1.0%
  Actual FDR: 0.00%
  Threshold: 9.5791
  Pairs below threshold: 34.0

Figure saved to: GLEAMS/results/2026-02-08_210100/training_plots/epoch_001_batch_0200_distances.png
ROC curve saved to: GLEAMS/results/2026-02-08_210100/training_plots/epoch_001_batch_0200_roc.png

FDR threshold computation:
  Target FDR: 1.0%
  Actual FDR: 0.00%
  Threshold: 7.5323
  Pairs below threshold: 24.0

Figure saved to: GLEAMS/results/2026-02-08_210100/training_plots/epoch_001_batch_0300_distances.png
ROC curve saved to: GLEAMS/results/2026-02-08_210100/training_plots/epoch_001_batch_0300_roc.png

FDR threshold computation:
  Target FDR: 1.0%
  Actual FDR: 0.00%
  Threshold: 6.4522
  Pairs below threshold: 39.0

Figure saved to: GLEAMS/results/2026-02-08_210100/training_plots/epoch_001_batch_0400_distances.png
ROC curve saved to: GLEAMS/results/2026-02-08_210100/training_plots/epoch_001_batch_0400_roc.png

FDR threshold computation:
  Target FDR: 1.0%
  Actual FDR: 0.00%
  Threshold: 12.6447
  Pairs below threshold: 40.0

Figure saved to: GLEAMS/results/2026-02-08_210100/training_plots/epoch_001_batch_0500_distances.png
ROC curve saved to: GLEAMS/results/2026-02-08_210100/training_plots/epoch_001_batch_0500_roc.png

FDR threshold computation:
  Target FDR: 1.0%
  Actual FDR: 0.00%
  Threshold: 5.5669
  Pairs below threshold: 32.0

Figure saved to: GLEAMS/results/2026-02-08_210100/training_plots/epoch_001_batch_0600_distances.png
ROC curve saved to: GLEAMS/results/2026-02-08_210100/training_plots/epoch_001_batch_0600_roc.png

FDR threshold computation:
  Target FDR: 1.0%
  Actual FDR: 0.00%
  Threshold: 5.1452
  Pairs below threshold: 27.0

Figure saved to: GLEAMS/results/2026-02-08_210100/training_plots/epoch_001_batch_0700_distances.png
ROC curve saved to: GLEAMS/results/2026-02-08_210100/training_plots/epoch_001_batch_0700_roc.png

FDR threshold computation:
  Target FDR: 1.0%
  Actual FDR: 0.00%
  Threshold: 5.5656
  Pairs below threshold: 32.0

Figure saved to: GLEAMS/results/2026-02-08_210100/training_plots/epoch_001_batch_0800_distances.png
ROC curve saved to: GLEAMS/results/2026-02-08_210100/training_plots/epoch_001_batch_0800_roc.png

FDR threshold computation:
  Target FDR: 1.0%
  Actual FDR: 0.00%
  Threshold: 6.7859
  Pairs below threshold: 27.0

Figure saved to: GLEAMS/results/2026-02-08_210100/training_plots/epoch_001_batch_0900_distances.png
ROC curve saved to: GLEAMS/results/2026-02-08_210100/training_plots/epoch_001_batch_0900_roc.png

FDR threshold computation:
  Target FDR: 1.0%
  Actual FDR: 0.00%
  Threshold: 5.4318
  Pairs below threshold: 28.0

Figure saved to: GLEAMS/results/2026-02-08_210100/training_plots/epoch_001_batch_1000_distances.png
ROC curve saved to: GLEAMS/results/2026-02-08_210100/training_plots/epoch_001_batch_1000_roc.png

FDR threshold computation:
  Target FDR: 1.0%
  Actual FDR: 0.00%
  Threshold: 5.5674
  Pairs below threshold: 28.0

Figure saved to: GLEAMS/results/2026-02-08_210100/training_plots/epoch_001_batch_1100_distances.png
ROC curve saved to: GLEAMS/results/2026-02-08_210100/training_plots/epoch_001_batch_1100_roc.png

FDR threshold computation:
  Target FDR: 1.0%
  Actual FDR: 0.00%
  Threshold: 9.5569
  Pairs below threshold: 31.0

Figure saved to: GLEAMS/results/2026-02-08_210100/training_plots/epoch_001_batch_1200_distances.png
ROC curve saved to: GLEAMS/results/2026-02-08_210100/training_plots/epoch_001_batch_1200_roc.png

FDR threshold computation:
  Target FDR: 1.0%
  Actual FDR: 0.00%
  Threshold: 5.3303
  Pairs below threshold: 35.0

Figure saved to: GLEAMS/results/2026-02-08_210100/training_plots/epoch_001_batch_1300_distances.png
ROC curve saved to: GLEAMS/results/2026-02-08_210100/training_plots/epoch_001_batch_1300_roc.png

FDR threshold computation:
  Target FDR: 1.0%
  Actual FDR: 0.00%
  Threshold: 4.9461
  Pairs below threshold: 32.0

Figure saved to: GLEAMS/results/2026-02-08_210100/training_plots/epoch_001_batch_1400_distances.png
ROC curve saved to: GLEAMS/results/2026-02-08_210100/training_plots/epoch_001_batch_1400_roc.png

FDR threshold computation:
  Target FDR: 1.0%
  Actual FDR: 0.00%
  Threshold: 6.0707
  Pairs below threshold: 29.0

Figure saved to: GLEAMS/results/2026-02-08_210100/training_plots/epoch_001_batch_1500_distances.png
ROC curve saved to: GLEAMS/results/2026-02-08_210100/training_plots/epoch_001_batch_1500_roc.png
⚠️  Warning: Model is on cuda:0 but device argument is cuda
/home/saartje/miniconda3/envs/gleams/lib/python3.10/site-packages/torch/nn/modules/transformer.py:408: UserWarning: The PyTorch API of nested tensors is in prototype stage and will change in the near future. (Triggered internally at ../aten/src/ATen/NestedTensorImpl.cpp:178.)
  output = torch._nested_tensor_from_mask(output, src_key_padding_mask.logical_not(), mask_check=False)

  Validation loss statistics:
    Mean: 0.1052
    Median: 0.1322
    Std: 0.0745
    Min: 0.0047
    Max: 0.2038
    95th percentile: 0.1950

  Label distribution:
    Positive pairs: 10,000 (50.0%)
    Negative pairs: 10,000 (50.0%)

  Embedding distances:
    Positive pairs - Mean: 0.1047, Median: 0.0666
    Negative pairs - Mean: 0.1025, Median: 0.0669
    Expected: Positive distances should be LOW, Negative distances should be HIGH (>margin=0.5)
  Training: avg_loss=0.0108 over 1563 batches

  📊 Creating validation plots for epoch 1 (entire validation set)...
Warning: No threshold found for FDR=0.01. Using median of negative distances.

Figure saved to: GLEAMS/results/2026-02-08_210100/training_plots/epoch_001_validation_distances.png
ROC curve saved to: GLEAMS/results/2026-02-08_210100/training_plots/epoch_001_validation_roc.png
  ✓ Validation plots saved to GLEAMS/results/2026-02-08_210100/training_plots
    - Validation AUC: 0.5002
    - Validation pos distance mean: 6.5834
    - Validation neg distance mean: 6.5508
✓ Saved best model (val_loss=0.105217) to GLEAMS/results/2026-02-08_210100/best_model.pt
Epoch 1/5 | train_loss=0.010770 | val_loss=0.105217 | lr=1.54e-05 | time=1588.0s

FDR threshold computation:
  Target FDR: 1.0%
  Actual FDR: 0.00%
  Threshold: 14.4255
  Pairs below threshold: 36.0

Figure saved to: GLEAMS/results/2026-02-08_210100/training_plots/epoch_002_batch_0100_distances.png
ROC curve saved to: GLEAMS/results/2026-02-08_210100/training_plots/epoch_002_batch_0100_roc.png

FDR threshold computation:
  Target FDR: 1.0%
  Actual FDR: 0.00%
  Threshold: 4.8912
  Pairs below threshold: 37.0

Figure saved to: GLEAMS/results/2026-02-08_210100/training_plots/epoch_002_batch_0200_distances.png
ROC curve saved to: GLEAMS/results/2026-02-08_210100/training_plots/epoch_002_batch_0200_roc.png

FDR threshold computation:
  Target FDR: 1.0%
  Actual FDR: 0.00%
  Threshold: 6.7388
  Pairs below threshold: 33.0

Figure saved to: GLEAMS/results/2026-02-08_210100/training_plots/epoch_002_batch_0300_distances.png
ROC curve saved to: GLEAMS/results/2026-02-08_210100/training_plots/epoch_002_batch_0300_roc.png

FDR threshold computation:
  Target FDR: 1.0%
  Actual FDR: 0.00%
  Threshold: 4.9625
  Pairs below threshold: 34.0

Figure saved to: GLEAMS/results/2026-02-08_210100/training_plots/epoch_002_batch_0400_distances.png
ROC curve saved to: GLEAMS/results/2026-02-08_210100/training_plots/epoch_002_batch_0400_roc.png

FDR threshold computation:
  Target FDR: 1.0%
  Actual FDR: 0.00%
  Threshold: 7.6168
  Pairs below threshold: 34.0

Figure saved to: GLEAMS/results/2026-02-08_210100/training_plots/epoch_002_batch_0500_distances.png
ROC curve saved to: GLEAMS/results/2026-02-08_210100/training_plots/epoch_002_batch_0500_roc.png

FDR threshold computation:
  Target FDR: 1.0%
  Actual FDR: 0.00%
  Threshold: 10.7487
  Pairs below threshold: 26.0

Figure saved to: GLEAMS/results/2026-02-08_210100/training_plots/epoch_002_batch_0600_distances.png
ROC curve saved to: GLEAMS/results/2026-02-08_210100/training_plots/epoch_002_batch_0600_roc.png

FDR threshold computation:
  Target FDR: 1.0%
  Actual FDR: 0.00%
  Threshold: 6.7492
  Pairs below threshold: 25.0

Figure saved to: GLEAMS/results/2026-02-08_210100/training_plots/epoch_002_batch_0700_distances.png
ROC curve saved to: GLEAMS/results/2026-02-08_210100/training_plots/epoch_002_batch_0700_roc.png

FDR threshold computation:
  Target FDR: 1.0%
  Actual FDR: 0.00%
  Threshold: 4.9567
  Pairs below threshold: 25.0

Figure saved to: GLEAMS/results/2026-02-08_210100/training_plots/epoch_002_batch_0800_distances.png
ROC curve saved to: GLEAMS/results/2026-02-08_210100/training_plots/epoch_002_batch_0800_roc.png

FDR threshold computation:
  Target FDR: 1.0%
  Actual FDR: 0.00%
  Threshold: 4.7284
  Pairs below threshold: 36.0

Figure saved to: GLEAMS/results/2026-02-08_210100/training_plots/epoch_002_batch_0900_distances.png
ROC curve saved to: GLEAMS/results/2026-02-08_210100/training_plots/epoch_002_batch_0900_roc.png

FDR threshold computation:
  Target FDR: 1.0%
  Actual FDR: 0.00%
  Threshold: 5.8216
  Pairs below threshold: 31.0

Figure saved to: GLEAMS/results/2026-02-08_210100/training_plots/epoch_002_batch_1000_distances.png
ROC curve saved to: GLEAMS/results/2026-02-08_210100/training_plots/epoch_002_batch_1000_roc.png

FDR threshold computation:
  Target FDR: 1.0%
  Actual FDR: 0.00%
  Threshold: 13.7414
  Pairs below threshold: 32.0

Figure saved to: GLEAMS/results/2026-02-08_210100/training_plots/epoch_002_batch_1100_distances.png
ROC curve saved to: GLEAMS/results/2026-02-08_210100/training_plots/epoch_002_batch_1100_roc.png

FDR threshold computation:
  Target FDR: 1.0%
  Actual FDR: 0.00%
  Threshold: 14.3003
  Pairs below threshold: 32.0

Figure saved to: GLEAMS/results/2026-02-08_210100/training_plots/epoch_002_batch_1200_distances.png
ROC curve saved to: GLEAMS/results/2026-02-08_210100/training_plots/epoch_002_batch_1200_roc.png

FDR threshold computation:
  Target FDR: 1.0%
  Actual FDR: 0.00%
  Threshold: 5.1883
  Pairs below threshold: 32.0

Figure saved to: GLEAMS/results/2026-02-08_210100/training_plots/epoch_002_batch_1300_distances.png
ROC curve saved to: GLEAMS/results/2026-02-08_210100/training_plots/epoch_002_batch_1300_roc.png

FDR threshold computation:
  Target FDR: 1.0%
  Actual FDR: 0.00%
  Threshold: 13.5918
  Pairs below threshold: 30.0

Figure saved to: GLEAMS/results/2026-02-08_210100/training_plots/epoch_002_batch_1400_distances.png
ROC curve saved to: GLEAMS/results/2026-02-08_210100/training_plots/epoch_002_batch_1400_roc.png

FDR threshold computation:
  Target FDR: 1.0%
  Actual FDR: 0.00%
  Threshold: 7.3378
  Pairs below threshold: 33.0

Figure saved to: GLEAMS/results/2026-02-08_210100/training_plots/epoch_002_batch_1500_distances.png
ROC curve saved to: GLEAMS/results/2026-02-08_210100/training_plots/epoch_002_batch_1500_roc.png
⚠️  Warning: Model is on cuda:0 but device argument is cuda

  Validation loss statistics:
    Mean: 0.1047
    Median: 0.1328
    Std: 0.0780
    Min: 0.0040
    Max: 0.2072
    95th percentile: 0.1987

  Label distribution:
    Positive pairs: 10,000 (50.0%)
    Negative pairs: 10,000 (50.0%)

  Embedding distances:
    Positive pairs - Mean: 0.0967, Median: 0.0612
    Negative pairs - Mean: 0.0949, Median: 0.0613
    Expected: Positive distances should be LOW, Negative distances should be HIGH (>margin=0.5)
  Training: avg_loss=0.0026 over 1563 batches

  📊 Creating validation plots for epoch 2 (entire validation set)...
Warning: No threshold found for FDR=0.01. Using median of negative distances.

Figure saved to: GLEAMS/results/2026-02-08_210100/training_plots/epoch_002_validation_distances.png
ROC curve saved to: GLEAMS/results/2026-02-08_210100/training_plots/epoch_002_validation_roc.png
  ✓ Validation plots saved to GLEAMS/results/2026-02-08_210100/training_plots
    - Validation AUC: 0.5002
    - Validation pos distance mean: 6.3243
    - Validation neg distance mean: 6.2966
✓ Saved best model (val_loss=0.104729) to GLEAMS/results/2026-02-08_210100/best_model.pt
Epoch 2/5 | train_loss=0.002645 | val_loss=0.104729 | lr=7.34e-06 | time=1593.2s

FDR threshold computation:
  Target FDR: 1.0%
  Actual FDR: 0.00%
  Threshold: 4.9552
  Pairs below threshold: 30.0

Figure saved to: GLEAMS/results/2026-02-08_210100/training_plots/epoch_003_batch_0100_distances.png
ROC curve saved to: GLEAMS/results/2026-02-08_210100/training_plots/epoch_003_batch_0100_roc.png

FDR threshold computation:
  Target FDR: 1.0%
  Actual FDR: 0.00%
  Threshold: 4.7058
  Pairs below threshold: 34.0

Figure saved to: GLEAMS/results/2026-02-08_210100/training_plots/epoch_003_batch_0200_distances.png
ROC curve saved to: GLEAMS/results/2026-02-08_210100/training_plots/epoch_003_batch_0200_roc.png

FDR threshold computation:
  Target FDR: 1.0%
  Actual FDR: 0.00%
  Threshold: 4.9631
  Pairs below threshold: 33.0

Figure saved to: GLEAMS/results/2026-02-08_210100/training_plots/epoch_003_batch_0300_distances.png
ROC curve saved to: GLEAMS/results/2026-02-08_210100/training_plots/epoch_003_batch_0300_roc.png

FDR threshold computation:
  Target FDR: 1.0%
  Actual FDR: 0.00%
  Threshold: 15.3317
  Pairs below threshold: 38.0

Figure saved to: GLEAMS/results/2026-02-08_210100/training_plots/epoch_003_batch_0400_distances.png
ROC curve saved to: GLEAMS/results/2026-02-08_210100/training_plots/epoch_003_batch_0400_roc.png

FDR threshold computation:
  Target FDR: 1.0%
  Actual FDR: 0.00%
  Threshold: 5.1454
  Pairs below threshold: 31.0

Figure saved to: GLEAMS/results/2026-02-08_210100/training_plots/epoch_003_batch_0500_distances.png
ROC curve saved to: GLEAMS/results/2026-02-08_210100/training_plots/epoch_003_batch_0500_roc.png

FDR threshold computation:
  Target FDR: 1.0%
  Actual FDR: 0.00%
  Threshold: 14.2158
  Pairs below threshold: 32.0

Figure saved to: GLEAMS/results/2026-02-08_210100/training_plots/epoch_003_batch_0600_distances.png
ROC curve saved to: GLEAMS/results/2026-02-08_210100/training_plots/epoch_003_batch_0600_roc.png

FDR threshold computation:
  Target FDR: 1.0%
  Actual FDR: 0.00%
  Threshold: 4.7528
  Pairs below threshold: 33.0

Figure saved to: GLEAMS/results/2026-02-08_210100/training_plots/epoch_003_batch_0700_distances.png
ROC curve saved to: GLEAMS/results/2026-02-08_210100/training_plots/epoch_003_batch_0700_roc.png

FDR threshold computation:
  Target FDR: 1.0%
  Actual FDR: 0.00%
  Threshold: 14.8674
  Pairs below threshold: 33.0

Figure saved to: GLEAMS/results/2026-02-08_210100/training_plots/epoch_003_batch_0800_distances.png
ROC curve saved to: GLEAMS/results/2026-02-08_210100/training_plots/epoch_003_batch_0800_roc.png

FDR threshold computation:
  Target FDR: 1.0%
  Actual FDR: 0.00%
  Threshold: 4.7915
  Pairs below threshold: 32.0

Figure saved to: GLEAMS/results/2026-02-08_210100/training_plots/epoch_003_batch_0900_distances.png
ROC curve saved to: GLEAMS/results/2026-02-08_210100/training_plots/epoch_003_batch_0900_roc.png

FDR threshold computation:
  Target FDR: 1.0%
  Actual FDR: 0.00%
  Threshold: 5.4875
  Pairs below threshold: 36.0

Figure saved to: GLEAMS/results/2026-02-08_210100/training_plots/epoch_003_batch_1000_distances.png
ROC curve saved to: GLEAMS/results/2026-02-08_210100/training_plots/epoch_003_batch_1000_roc.png

FDR threshold computation:
  Target FDR: 1.0%
  Actual FDR: 0.00%
  Threshold: 10.6409
  Pairs below threshold: 25.0

Figure saved to: GLEAMS/results/2026-02-08_210100/training_plots/epoch_003_batch_1100_distances.png
ROC curve saved to: GLEAMS/results/2026-02-08_210100/training_plots/epoch_003_batch_1100_roc.png

FDR threshold computation:
  Target FDR: 1.0%
  Actual FDR: 0.00%
  Threshold: 4.7533
  Pairs below threshold: 34.0

Figure saved to: GLEAMS/results/2026-02-08_210100/training_plots/epoch_003_batch_1200_distances.png
ROC curve saved to: GLEAMS/results/2026-02-08_210100/training_plots/epoch_003_batch_1200_roc.png

FDR threshold computation:
  Target FDR: 1.0%
  Actual FDR: 0.00%
  Threshold: 14.9485
  Pairs below threshold: 32.0

Figure saved to: GLEAMS/results/2026-02-08_210100/training_plots/epoch_003_batch_1300_distances.png
ROC curve saved to: GLEAMS/results/2026-02-08_210100/training_plots/epoch_003_batch_1300_roc.png

FDR threshold computation:
  Target FDR: 1.0%
  Actual FDR: 0.00%
  Threshold: 4.3801
  Pairs below threshold: 31.0

Figure saved to: GLEAMS/results/2026-02-08_210100/training_plots/epoch_003_batch_1400_distances.png
ROC curve saved to: GLEAMS/results/2026-02-08_210100/training_plots/epoch_003_batch_1400_roc.png

FDR threshold computation:
  Target FDR: 1.0%
  Actual FDR: 0.00%
  Threshold: 6.2412
  Pairs below threshold: 30.0

Figure saved to: GLEAMS/results/2026-02-08_210100/training_plots/epoch_003_batch_1500_distances.png
ROC curve saved to: GLEAMS/results/2026-02-08_210100/training_plots/epoch_003_batch_1500_roc.png
⚠️  Warning: Model is on cuda:0 but device argument is cuda

  Validation loss statistics:
    Mean: 0.1116
    Median: 0.1413
    Std: 0.0818
    Min: 0.0027
    Max: 0.2183
    95th percentile: 0.2107

  Label distribution:
    Positive pairs: 10,000 (50.0%)
    Negative pairs: 10,000 (50.0%)

  Embedding distances:
    Positive pairs - Mean: 0.0896, Median: 0.0431
    Negative pairs - Mean: 0.0879, Median: 0.0431
    Expected: Positive distances should be LOW, Negative distances should be HIGH (>margin=0.5)
  Training: avg_loss=0.0024 over 1563 batches

  📊 Creating validation plots for epoch 3 (entire validation set)...
Warning: No threshold found for FDR=0.01. Using median of negative distances.

Figure saved to: GLEAMS/results/2026-02-08_210100/training_plots/epoch_003_validation_distances.png
ROC curve saved to: GLEAMS/results/2026-02-08_210100/training_plots/epoch_003_validation_roc.png
  ✓ Validation plots saved to GLEAMS/results/2026-02-08_210100/training_plots
    - Validation AUC: 0.4988
    - Validation pos distance mean: 5.7723
    - Validation neg distance mean: 5.7471
Epoch 3/5 | train_loss=0.002395 | val_loss=0.111622 | lr=4.81e-05 | time=1597.4s

FDR threshold computation:
  Target FDR: 1.0%
  Actual FDR: 0.00%
  Threshold: 4.4254
  Pairs below threshold: 32.0

Figure saved to: GLEAMS/results/2026-02-08_210100/training_plots/epoch_004_batch_0100_distances.png
ROC curve saved to: GLEAMS/results/2026-02-08_210100/training_plots/epoch_004_batch_0100_roc.png

FDR threshold computation:
  Target FDR: 1.0%
  Actual FDR: 0.00%
  Threshold: 11.8794
  Pairs below threshold: 38.0

Figure saved to: GLEAMS/results/2026-02-08_210100/training_plots/epoch_004_batch_0200_distances.png
ROC curve saved to: GLEAMS/results/2026-02-08_210100/training_plots/epoch_004_batch_0200_roc.png

FDR threshold computation:
  Target FDR: 1.0%
  Actual FDR: 0.00%
  Threshold: 13.3441
  Pairs below threshold: 28.0

Figure saved to: GLEAMS/results/2026-02-08_210100/training_plots/epoch_004_batch_0300_distances.png
ROC curve saved to: GLEAMS/results/2026-02-08_210100/training_plots/epoch_004_batch_0300_roc.png

FDR threshold computation:
  Target FDR: 1.0%
  Actual FDR: 0.00%
  Threshold: 4.9222
  Pairs below threshold: 28.0

Figure saved to: GLEAMS/results/2026-02-08_210100/training_plots/epoch_004_batch_0400_distances.png
ROC curve saved to: GLEAMS/results/2026-02-08_210100/training_plots/epoch_004_batch_0400_roc.png

FDR threshold computation:
  Target FDR: 1.0%
  Actual FDR: 0.00%
  Threshold: 4.3222
  Pairs below threshold: 33.0

Figure saved to: GLEAMS/results/2026-02-08_210100/training_plots/epoch_004_batch_0500_distances.png
ROC curve saved to: GLEAMS/results/2026-02-08_210100/training_plots/epoch_004_batch_0500_roc.png

FDR threshold computation:
  Target FDR: 1.0%
  Actual FDR: 0.00%
  Threshold: 4.5693
  Pairs below threshold: 27.0

Figure saved to: GLEAMS/results/2026-02-08_210100/training_plots/epoch_004_batch_0600_distances.png
ROC curve saved to: GLEAMS/results/2026-02-08_210100/training_plots/epoch_004_batch_0600_roc.png

FDR threshold computation:
  Target FDR: 1.0%
  Actual FDR: 0.00%
  Threshold: 4.5469
  Pairs below threshold: 24.0

Figure saved to: GLEAMS/results/2026-02-08_210100/training_plots/epoch_004_batch_0700_distances.png
ROC curve saved to: GLEAMS/results/2026-02-08_210100/training_plots/epoch_004_batch_0700_roc.png

FDR threshold computation:
  Target FDR: 1.0%
  Actual FDR: 0.00%
  Threshold: 4.2694
  Pairs below threshold: 40.0

Figure saved to: GLEAMS/results/2026-02-08_210100/training_plots/epoch_004_batch_0800_distances.png
ROC curve saved to: GLEAMS/results/2026-02-08_210100/training_plots/epoch_004_batch_0800_roc.png

FDR threshold computation:
  Target FDR: 1.0%
  Actual FDR: 0.00%
  Threshold: 4.3516
  Pairs below threshold: 28.0

Figure saved to: GLEAMS/results/2026-02-08_210100/training_plots/epoch_004_batch_0900_distances.png
ROC curve saved to: GLEAMS/results/2026-02-08_210100/training_plots/epoch_004_batch_0900_roc.png

FDR threshold computation:
  Target FDR: 1.0%
  Actual FDR: 0.00%
  Threshold: 4.3604
  Pairs below threshold: 37.0

Figure saved to: GLEAMS/results/2026-02-08_210100/training_plots/epoch_004_batch_1000_distances.png
ROC curve saved to: GLEAMS/results/2026-02-08_210100/training_plots/epoch_004_batch_1000_roc.png

FDR threshold computation:
  Target FDR: 1.0%
  Actual FDR: 0.00%
  Threshold: 4.6790
  Pairs below threshold: 40.0

Figure saved to: GLEAMS/results/2026-02-08_210100/training_plots/epoch_004_batch_1100_distances.png
ROC curve saved to: GLEAMS/results/2026-02-08_210100/training_plots/epoch_004_batch_1100_roc.png

FDR threshold computation:
  Target FDR: 1.0%
  Actual FDR: 0.00%
  Threshold: 4.3078
  Pairs below threshold: 37.0

Figure saved to: GLEAMS/results/2026-02-08_210100/training_plots/epoch_004_batch_1200_distances.png
ROC curve saved to: GLEAMS/results/2026-02-08_210100/training_plots/epoch_004_batch_1200_roc.png

FDR threshold computation:
  Target FDR: 1.0%
  Actual FDR: 0.00%
  Threshold: 9.6506
  Pairs below threshold: 35.0

Figure saved to: GLEAMS/results/2026-02-08_210100/training_plots/epoch_004_batch_1300_distances.png
ROC curve saved to: GLEAMS/results/2026-02-08_210100/training_plots/epoch_004_batch_1300_roc.png

FDR threshold computation:
  Target FDR: 1.0%
  Actual FDR: 0.00%
  Threshold: 10.6003
  Pairs below threshold: 29.0

Figure saved to: GLEAMS/results/2026-02-08_210100/training_plots/epoch_004_batch_1400_distances.png
ROC curve saved to: GLEAMS/results/2026-02-08_210100/training_plots/epoch_004_batch_1400_roc.png

FDR threshold computation:
  Target FDR: 1.0%
  Actual FDR: 0.00%
  Threshold: 12.4104
  Pairs below threshold: 36.0

Figure saved to: GLEAMS/results/2026-02-08_210100/training_plots/epoch_004_batch_1500_distances.png
ROC curve saved to: GLEAMS/results/2026-02-08_210100/training_plots/epoch_004_batch_1500_roc.png
⚠️  Warning: Model is on cuda:0 but device argument is cuda

  Validation loss statistics:
    Mean: 0.1213
    Median: 0.1520
    Std: 0.0798
    Min: 0.0024
    Max: 0.2240
    95th percentile: 0.2172

  Label distribution:
    Positive pairs: 10,000 (50.0%)
    Negative pairs: 10,000 (50.0%)

  Embedding distances:
    Positive pairs - Mean: 0.0965, Median: 0.0347
    Negative pairs - Mean: 0.0940, Median: 0.0347
    Expected: Positive distances should be LOW, Negative distances should be HIGH (>margin=0.5)
  Training: avg_loss=0.0016 over 1563 batches

  📊 Creating validation plots for epoch 4 (entire validation set)...
Warning: No threshold found for FDR=0.01. Using median of negative distances.

Figure saved to: GLEAMS/results/2026-02-08_210100/training_plots/epoch_004_validation_distances.png
ROC curve saved to: GLEAMS/results/2026-02-08_210100/training_plots/epoch_004_validation_roc.png
  ✓ Validation plots saved to GLEAMS/results/2026-02-08_210100/training_plots
    - Validation AUC: 0.4983
    - Validation pos distance mean: 5.6056
    - Validation neg distance mean: 5.5751
Epoch 4/5 | train_loss=0.001581 | val_loss=0.121285 | lr=2.49e-05 | time=1593.8s

FDR threshold computation:
  Target FDR: 1.0%
  Actual FDR: 0.00%
  Threshold: 8.9401
  Pairs below threshold: 33.0

Figure saved to: GLEAMS/results/2026-02-08_210100/training_plots/epoch_005_batch_0100_distances.png
ROC curve saved to: GLEAMS/results/2026-02-08_210100/training_plots/epoch_005_batch_0100_roc.png

FDR threshold computation:
  Target FDR: 1.0%
  Actual FDR: 0.00%
  Threshold: 4.3346
  Pairs below threshold: 26.0

Figure saved to: GLEAMS/results/2026-02-08_210100/training_plots/epoch_005_batch_0200_distances.png
ROC curve saved to: GLEAMS/results/2026-02-08_210100/training_plots/epoch_005_batch_0200_roc.png

FDR threshold computation:
  Target FDR: 1.0%
  Actual FDR: 0.00%
  Threshold: 12.1356
  Pairs below threshold: 28.0

Figure saved to: GLEAMS/results/2026-02-08_210100/training_plots/epoch_005_batch_0300_distances.png
ROC curve saved to: GLEAMS/results/2026-02-08_210100/training_plots/epoch_005_batch_0300_roc.png

FDR threshold computation:
  Target FDR: 1.0%
  Actual FDR: 0.00%
  Threshold: 4.1694
  Pairs below threshold: 36.0

Figure saved to: GLEAMS/results/2026-02-08_210100/training_plots/epoch_005_batch_0400_distances.png
ROC curve saved to: GLEAMS/results/2026-02-08_210100/training_plots/epoch_005_batch_0400_roc.png

FDR threshold computation:
  Target FDR: 1.0%
  Actual FDR: 0.00%
  Threshold: 4.3357
  Pairs below threshold: 34.0

Figure saved to: GLEAMS/results/2026-02-08_210100/training_plots/epoch_005_batch_0500_distances.png
ROC curve saved to: GLEAMS/results/2026-02-08_210100/training_plots/epoch_005_batch_0500_roc.png

FDR threshold computation:
  Target FDR: 1.0%
  Actual FDR: 0.00%
  Threshold: 4.3605
  Pairs below threshold: 29.0

Figure saved to: GLEAMS/results/2026-02-08_210100/training_plots/epoch_005_batch_0600_distances.png
ROC curve saved to: GLEAMS/results/2026-02-08_210100/training_plots/epoch_005_batch_0600_roc.png

FDR threshold computation:
  Target FDR: 1.0%
  Actual FDR: 0.00%
  Threshold: 4.1494
  Pairs below threshold: 34.0

Figure saved to: GLEAMS/results/2026-02-08_210100/training_plots/epoch_005_batch_0700_distances.png
ROC curve saved to: GLEAMS/results/2026-02-08_210100/training_plots/epoch_005_batch_0700_roc.png

FDR threshold computation:
  Target FDR: 1.0%
  Actual FDR: 0.00%
  Threshold: 5.8655
  Pairs below threshold: 36.0

Figure saved to: GLEAMS/results/2026-02-08_210100/training_plots/epoch_005_batch_0800_distances.png
ROC curve saved to: GLEAMS/results/2026-02-08_210100/training_plots/epoch_005_batch_0800_roc.png

FDR threshold computation:
  Target FDR: 1.0%
  Actual FDR: 0.00%
  Threshold: 10.3910
  Pairs below threshold: 30.0

Figure saved to: GLEAMS/results/2026-02-08_210100/training_plots/epoch_005_batch_0900_distances.png
ROC curve saved to: GLEAMS/results/2026-02-08_210100/training_plots/epoch_005_batch_0900_roc.png

FDR threshold computation:
  Target FDR: 1.0%
  Actual FDR: 0.00%
  Threshold: 4.0163
  Pairs below threshold: 32.0

Figure saved to: GLEAMS/results/2026-02-08_210100/training_plots/epoch_005_batch_1000_distances.png
ROC curve saved to: GLEAMS/results/2026-02-08_210100/training_plots/epoch_005_batch_1000_roc.png

FDR threshold computation:
  Target FDR: 1.0%
  Actual FDR: 0.00%
  Threshold: 4.1551
  Pairs below threshold: 35.0

Figure saved to: GLEAMS/results/2026-02-08_210100/training_plots/epoch_005_batch_1100_distances.png
ROC curve saved to: GLEAMS/results/2026-02-08_210100/training_plots/epoch_005_batch_1100_roc.png

FDR threshold computation:
  Target FDR: 1.0%
  Actual FDR: 0.00%
  Threshold: 4.5250
  Pairs below threshold: 31.0

Figure saved to: GLEAMS/results/2026-02-08_210100/training_plots/epoch_005_batch_1200_distances.png
ROC curve saved to: GLEAMS/results/2026-02-08_210100/training_plots/epoch_005_batch_1200_roc.png

FDR threshold computation:
  Target FDR: 1.0%
  Actual FDR: 0.00%
  Threshold: 9.2083
  Pairs below threshold: 39.0

Figure saved to: GLEAMS/results/2026-02-08_210100/training_plots/epoch_005_batch_1300_distances.png
ROC curve saved to: GLEAMS/results/2026-02-08_210100/training_plots/epoch_005_batch_1300_roc.png

FDR threshold computation:
  Target FDR: 1.0%
  Actual FDR: 0.00%
  Threshold: 5.5891
  Pairs below threshold: 28.0

Figure saved to: GLEAMS/results/2026-02-08_210100/training_plots/epoch_005_batch_1400_distances.png
ROC curve saved to: GLEAMS/results/2026-02-08_210100/training_plots/epoch_005_batch_1400_roc.png

FDR threshold computation:
  Target FDR: 1.0%
  Actual FDR: 0.00%
  Threshold: 10.9699
  Pairs below threshold: 32.0

Figure saved to: GLEAMS/results/2026-02-08_210100/training_plots/epoch_005_batch_1500_distances.png
ROC curve saved to: GLEAMS/results/2026-02-08_210100/training_plots/epoch_005_batch_1500_roc.png
⚠️  Warning: Model is on cuda:0 but device argument is cuda

  Validation loss statistics:
    Mean: 0.1192
    Median: 0.1521
    Std: 0.0803
    Min: 0.0023
    Max: 0.2237
    95th percentile: 0.2161

  Label distribution:
    Positive pairs: 10,000 (50.0%)
    Negative pairs: 10,000 (50.0%)

  Embedding distances:
    Positive pairs - Mean: 0.0944, Median: 0.0351
    Negative pairs - Mean: 0.0920, Median: 0.0351
    Expected: Positive distances should be LOW, Negative distances should be HIGH (>margin=0.5)
  Training: avg_loss=0.0010 over 1563 batches

  📊 Creating validation plots for epoch 5 (entire validation set)...
Warning: No threshold found for FDR=0.01. Using median of negative distances.

Figure saved to: GLEAMS/results/2026-02-08_210100/training_plots/epoch_005_validation_distances.png
ROC curve saved to: GLEAMS/results/2026-02-08_210100/training_plots/epoch_005_validation_roc.png
  ✓ Validation plots saved to GLEAMS/results/2026-02-08_210100/training_plots
    - Validation AUC: 0.4981
    - Validation pos distance mean: 5.5887
    - Validation neg distance mean: 5.5597
Epoch 5/5 | train_loss=0.000997 | val_loss=0.119189 | lr=1.93e-06 | time=1596.5s

Training complete!
Loss log written to: GLEAMS/results/2026-02-08_210100/loss_log.csv
Best model (val_loss=0.104729) saved to: GLEAMS/results/2026-02-08_210100/best_model.pt
Final model saved to: GLEAMS/results/2026-02-08_210100/final_model.pt
