================================================================================
Starting new training run - 2026-01-23 19:39:30
Command-line arguments:
  data_dir: GLEAMS/data
  train_metadata: GLEAMS/data/train_metadata.parquet
  test_metadata: GLEAMS/data/test_metadata.parquet
  train_pairs_pos: GLEAMS/data/train_metadata_pairs_pos_2.npy
  train_pairs_neg: GLEAMS/data/train_metadata_pairs_neg_2.npy
  test_pairs_pos: GLEAMS/data/test_metadata_pairs_pos_2.npy
  test_pairs_neg: GLEAMS/data/test_metadata_pairs_neg_2.npy
  mgf_file: GLEAMS/data/massivekb_82c0124b.mgf
  log_csv: GLEAMS/results/loss_log_20260123_193930.csv
  log_txt: GLEAMS/results/training_20260123_193930.log
  best_model_path: GLEAMS/models/best_model.pt
  final_model_path: GLEAMS/models/final_model.pt
  dim_model: 256
  n_head: 4
  dim_feedforward: 512
  n_layers: 2
  dropout: 0.1
  batch_size: 64
  gradient_accumulation_steps: 4
  n_epochs: 10
  learning_rate: 0.0001
  weight_decay: 1e-05
  gradient_clip_norm: 1.0
  margin: 0.5
  label_certainty: 1.0
  warmup_iters: 500
  cosine_schedule_iters: 5000
  scheduler_patience: 2
  max_train_pairs: 50000
  max_val_pairs: 10000
================================================================================
Loading metadata files...
Train metadata: 800,000 rows
Test metadata: 200,000 rows
Train pairs: 1,713,842 positive, 11,461,678 negative
Val pairs: 107,229 positive, 713,210 negative
Using device: cuda
  GPU: NVIDIA GeForce RTX 3080 Ti
  Memory: 12.9 GB

⚠️  IMPORTANT: Using contrastive loss with:
   Margin: 0.5 (config default: 0.5)
   Label certainty: 1.0 (config default: 1.0)

📈 Learning rate schedule:
   Peak LR: 0.0001
   Warmup iterations: 500 batches
   Cosine decay period: 5000 batches
   Note: Scheduler steps after each batch, not epoch

Unique metadata row indices needed (train): 473,992
Unique metadata row indices needed (val):   117,421
Unique metadata row indices needed (total): 521,580
MGF scan number range: 1 to 3,046,416

Loading 521,580 spectra from MGF file by scan number...
Loading spectra from GLEAMS/data/massivekb_82c0124b.mgf...
✓ Loaded 521,580 spectra
✓ Loaded 521,580 spectra with max 2371 peaks in 8.1 min
✓ Dataset loading complete!
⚠️  Max peaks per spectrum: 2,371 (affects GPU memory usage)

Creating index mapping...
✓ Mapped 521,580 metadata rows to dataset indices

Remapping pair indices to dataset indices...
✓ Pair remapping complete!

Total pairs: 100,000
Creating DataLoader with 100,000 total pairs, batch_size=64
Expected batches per epoch: 1562
Total pairs: 20,000
Creating DataLoader with 20,000 total pairs, batch_size=64
Expected batches per epoch: 312

🔍 Embedding diagnostics (first batch):
   Embedding shape: torch.Size([64, 256])
   Emb1 - mean: 0.0000, std: 1.0000, norm: 15.9999
   Emb2 - mean: -0.0000, std: 1.0000, norm: 15.9999
   Full output shape: torch.Size([64, 2372, 256])
   Using GLOBAL TOKEN (best performance so far)
   Issue: Model not learning discriminative features from peaks

   Cosine similarity (should differ for pos/neg):
   Positive pairs: 0.8942 (should be HIGH ~1.0)
   Negative pairs: 0.8949 (should be LOW ~0.0)
   Difference: -0.0006 (>0.1 is good)

   Embedding diversity check:
   Mean pairwise cosine similarity: 0.5769
   (Should be < 0.5 for diverse embeddings, ~1.0 means collapsed)


🔍 Loss function debug (first batch):
   Margin: 0.5, Label certainty: 1.0
   Positive cosine distances: mean=0.1058, loss=0.0120
   Negative cosine distances: mean=0.1051, loss=0.1569
   Using NORMALIZED embeddings with cosine distance
   Distance range: [0, 2] (bounded, prevents explosion)
   Positive weight: distance² (bounded by normalization)
   Negative weight: clamp(margin - distance)²

   Gradient norm (after clipping): 0.0478
   Gradient clip threshold: 1.0000
   Gradient accumulation steps: 4
   Effective batch size: 256

⚠️  Warning: Model is on cuda:0 but device argument is cuda
/home/saartje/miniconda3/envs/gleams/lib/python3.10/site-packages/torch/nn/modules/transformer.py:408: UserWarning: The PyTorch API of nested tensors is in prototype stage and will change in the near future. (Triggered internally at ../aten/src/ATen/NestedTensorImpl.cpp:178.)
  output = torch._nested_tensor_from_mask(output, src_key_padding_mask.logical_not(), mask_check=False)

  Validation loss statistics:
    Mean: 0.0976
    Median: 0.1250
    Std: 0.0706
    Min: 0.0063
    Max: 0.1918
    95th percentile: 0.1837

  Label distribution:
    Positive pairs: 10,000 (50.0%)
    Negative pairs: 10,000 (50.0%)

  Embedding distances:
    Positive pairs - Mean: 0.1107, Median: 0.0811
    Negative pairs - Mean: 0.1098, Median: 0.0816
    Expected: Positive distances should be LOW, Negative distances should be HIGH (>margin=0.5)
  Training: avg_loss=0.0300 over 1563 batches

  📊 Creating visualization plots for epoch 1 (last training batch)...

FDR threshold computation:
  Target FDR: 1.0%
  Actual FDR: 0.00%
  Threshold: 0.0618
  Pairs below threshold: 13.0

Figure saved to: GLEAMS/models/../results/training_plots/epoch_001_20260123_201411_distances.png
ROC curve saved to: GLEAMS/models/../results/training_plots/epoch_001_20260123_201411_roc.png
  ✓ Plots saved to GLEAMS/models/../results/training_plots
    - AUC: 1.0000
    - Positive distance mean: 0.0435
    - Negative distance mean: 0.5802

  📊 Creating validation plots for epoch 1 (last validation batch)...
Warning: No threshold found for FDR=0.01. Using median of negative distances.
  ⚠️  Warning: Failed to create validation plots: `dataset` input should have multiple elements.
Traceback (most recent call last):
  File "/home/saartje/Desktop/Research/GLEAMS/gleams/transformer_encoder/trainer.py", line 588, in train_model
    fig1, ax1 = plot_embedding_distance_distribution(
  File "/home/saartje/Desktop/Research/GLEAMS/gleams/transformer_encoder/visualization.py", line 177, in plot_embedding_distance_distribution
    pos_kde = stats.gaussian_kde(positive_distances)
  File "/home/saartje/miniconda3/envs/gleams/lib/python3.10/site-packages/scipy/stats/_kde.py", line 199, in __init__
    raise ValueError("`dataset` input should have multiple elements.")
ValueError: `dataset` input should have multiple elements.
✓ Saved best model (val_loss=0.097575) to GLEAMS/models/best_model.pt
Epoch 1/10 | train_loss=0.029967 | val_loss=0.097575 | lr=7.68e-05 | time=1575.5s
⚠️  Warning: Model is on cuda:0 but device argument is cuda

  Validation loss statistics:
    Mean: 0.1058
    Median: 0.1295
    Std: 0.0779
    Min: 0.0047
    Max: 0.2145
    95th percentile: 0.2033

  Label distribution:
    Positive pairs: 10,000 (50.0%)
    Negative pairs: 10,000 (50.0%)

  Embedding distances:
    Positive pairs - Mean: 0.0960, Median: 0.0593
    Negative pairs - Mean: 0.0971, Median: 0.0593
    Expected: Positive distances should be LOW, Negative distances should be HIGH (>margin=0.5)
  Training: avg_loss=0.0028 over 1563 batches

  📊 Creating visualization plots for epoch 2 (last training batch)...

FDR threshold computation:
  Target FDR: 1.0%
  Actual FDR: 0.00%
  Threshold: 0.0419
  Pairs below threshold: 19.0

Figure saved to: GLEAMS/models/../results/training_plots/epoch_002_20260123_204033_distances.png
ROC curve saved to: GLEAMS/models/../results/training_plots/epoch_002_20260123_204033_roc.png
  ✓ Plots saved to GLEAMS/models/../results/training_plots
    - AUC: 1.0000
    - Positive distance mean: 0.0322
    - Negative distance mean: 0.6423

  📊 Creating validation plots for epoch 2 (last validation batch)...
Warning: No threshold found for FDR=0.01. Using median of negative distances.
  ⚠️  Warning: Failed to create validation plots: `dataset` input should have multiple elements.
Traceback (most recent call last):
  File "/home/saartje/Desktop/Research/GLEAMS/gleams/transformer_encoder/trainer.py", line 588, in train_model
    fig1, ax1 = plot_embedding_distance_distribution(
  File "/home/saartje/Desktop/Research/GLEAMS/gleams/transformer_encoder/visualization.py", line 177, in plot_embedding_distance_distribution
    pos_kde = stats.gaussian_kde(positive_distances)
  File "/home/saartje/miniconda3/envs/gleams/lib/python3.10/site-packages/scipy/stats/_kde.py", line 199, in __init__
    raise ValueError("`dataset` input should have multiple elements.")
ValueError: `dataset` input should have multiple elements.
Epoch 2/10 | train_loss=0.002760 | val_loss=0.105760 | lr=9.41e-05 | time=1582.0s
⚠️  Warning: Model is on cuda:0 but device argument is cuda

  Validation loss statistics:
    Mean: 0.1106
    Median: 0.1547
    Std: 0.0846
    Min: 0.0030
    Max: 0.2225
    95th percentile: 0.2124

  Label distribution:
    Positive pairs: 10,000 (50.0%)
    Negative pairs: 10,000 (50.0%)

  Embedding distances:
    Positive pairs - Mean: 0.0832, Median: 0.0465
    Negative pairs - Mean: 0.0846, Median: 0.0465
    Expected: Positive distances should be LOW, Negative distances should be HIGH (>margin=0.5)
  Training: avg_loss=0.0019 over 1563 batches

  📊 Creating visualization plots for epoch 3 (last training batch)...

FDR threshold computation:
  Target FDR: 1.0%
  Actual FDR: 0.00%
  Threshold: 0.0366
  Pairs below threshold: 11.0

Figure saved to: GLEAMS/models/../results/training_plots/epoch_003_20260123_210656_distances.png
ROC curve saved to: GLEAMS/models/../results/training_plots/epoch_003_20260123_210656_roc.png
  ✓ Plots saved to GLEAMS/models/../results/training_plots
    - AUC: 1.0000
    - Positive distance mean: 0.0310
    - Negative distance mean: 0.6820

  📊 Creating validation plots for epoch 3 (last validation batch)...
Warning: No threshold found for FDR=0.01. Using median of negative distances.
  ⚠️  Warning: Failed to create validation plots: `dataset` input should have multiple elements.
Traceback (most recent call last):
  File "/home/saartje/Desktop/Research/GLEAMS/gleams/transformer_encoder/trainer.py", line 588, in train_model
    fig1, ax1 = plot_embedding_distance_distribution(
  File "/home/saartje/Desktop/Research/GLEAMS/gleams/transformer_encoder/visualization.py", line 177, in plot_embedding_distance_distribution
    pos_kde = stats.gaussian_kde(positive_distances)
  File "/home/saartje/miniconda3/envs/gleams/lib/python3.10/site-packages/scipy/stats/_kde.py", line 199, in __init__
    raise ValueError("`dataset` input should have multiple elements.")
ValueError: `dataset` input should have multiple elements.
Epoch 3/10 | train_loss=0.001889 | val_loss=0.110649 | lr=8.71e-05 | time=1582.4s
⚠️  Warning: Model is on cuda:0 but device argument is cuda

  Validation loss statistics:
    Mean: 0.1123
    Median: 0.1547
    Std: 0.0900
    Min: 0.0021
    Max: 0.2260
    95th percentile: 0.2176

  Label distribution:
    Positive pairs: 10,000 (50.0%)
    Negative pairs: 10,000 (50.0%)

  Embedding distances:
    Positive pairs - Mean: 0.0720, Median: 0.0395
    Negative pairs - Mean: 0.0740, Median: 0.0397
    Expected: Positive distances should be LOW, Negative distances should be HIGH (>margin=0.5)
  Training: avg_loss=0.0012 over 1563 batches

  📊 Creating visualization plots for epoch 4 (last training batch)...

FDR threshold computation:
  Target FDR: 1.0%
  Actual FDR: 0.00%
  Threshold: 0.0384
  Pairs below threshold: 16.0

Figure saved to: GLEAMS/models/../results/training_plots/epoch_004_20260123_213322_distances.png
ROC curve saved to: GLEAMS/models/../results/training_plots/epoch_004_20260123_213322_roc.png
  ✓ Plots saved to GLEAMS/models/../results/training_plots
    - AUC: 1.0000
    - Positive distance mean: 0.0266
    - Negative distance mean: 0.7645

  📊 Creating validation plots for epoch 4 (last validation batch)...
Warning: No threshold found for FDR=0.01. Using median of negative distances.
  ⚠️  Warning: Failed to create validation plots: `dataset` input should have multiple elements.
Traceback (most recent call last):
  File "/home/saartje/Desktop/Research/GLEAMS/gleams/transformer_encoder/trainer.py", line 588, in train_model
    fig1, ax1 = plot_embedding_distance_distribution(
  File "/home/saartje/Desktop/Research/GLEAMS/gleams/transformer_encoder/visualization.py", line 177, in plot_embedding_distance_distribution
    pos_kde = stats.gaussian_kde(positive_distances)
  File "/home/saartje/miniconda3/envs/gleams/lib/python3.10/site-packages/scipy/stats/_kde.py", line 199, in __init__
    raise ValueError("`dataset` input should have multiple elements.")
ValueError: `dataset` input should have multiple elements.
Epoch 4/10 | train_loss=0.001215 | val_loss=0.112261 | lr=7.78e-05 | time=1586.1s
⚠️  Warning: Model is on cuda:0 but device argument is cuda

  Validation loss statistics:
    Mean: 0.1140
    Median: 0.1544
    Std: 0.0880
    Min: 0.0021
    Max: 0.2254
    95th percentile: 0.2166

  Label distribution:
    Positive pairs: 10,000 (50.0%)
    Negative pairs: 10,000 (50.0%)

  Embedding distances:
    Positive pairs - Mean: 0.0766, Median: 0.0403
    Negative pairs - Mean: 0.0778, Median: 0.0405
    Expected: Positive distances should be LOW, Negative distances should be HIGH (>margin=0.5)
  Training: avg_loss=0.0008 over 1563 batches

  📊 Creating visualization plots for epoch 5 (last training batch)...

FDR threshold computation:
  Target FDR: 1.0%
  Actual FDR: 0.00%
  Threshold: 0.0328
  Pairs below threshold: 12.0

Figure saved to: GLEAMS/models/../results/training_plots/epoch_005_20260123_215933_distances.png
ROC curve saved to: GLEAMS/models/../results/training_plots/epoch_005_20260123_215933_roc.png
  ✓ Plots saved to GLEAMS/models/../results/training_plots
    - AUC: 1.0000
    - Positive distance mean: 0.0258
    - Negative distance mean: 0.7381

  📊 Creating validation plots for epoch 5 (last validation batch)...
Warning: No threshold found for FDR=0.01. Using median of negative distances.
  ⚠️  Warning: Failed to create validation plots: `dataset` input should have multiple elements.
Traceback (most recent call last):
  File "/home/saartje/Desktop/Research/GLEAMS/gleams/transformer_encoder/trainer.py", line 588, in train_model
    fig1, ax1 = plot_embedding_distance_distribution(
  File "/home/saartje/Desktop/Research/GLEAMS/gleams/transformer_encoder/visualization.py", line 177, in plot_embedding_distance_distribution
    pos_kde = stats.gaussian_kde(positive_distances)
  File "/home/saartje/miniconda3/envs/gleams/lib/python3.10/site-packages/scipy/stats/_kde.py", line 199, in __init__
    raise ValueError("`dataset` input should have multiple elements.")
ValueError: `dataset` input should have multiple elements.
Epoch 5/10 | train_loss=0.000792 | val_loss=0.113996 | lr=6.69e-05 | time=1571.2s
⚠️  Warning: Model is on cuda:0 but device argument is cuda

  Validation loss statistics:
    Mean: 0.1127
    Median: 0.1543
    Std: 0.0871
    Min: 0.0023
    Max: 0.2232
    95th percentile: 0.2150

  Label distribution:
    Positive pairs: 10,000 (50.0%)
    Negative pairs: 10,000 (50.0%)

  Embedding distances:
    Positive pairs - Mean: 0.0779, Median: 0.0437
    Negative pairs - Mean: 0.0798, Median: 0.0439
    Expected: Positive distances should be LOW, Negative distances should be HIGH (>margin=0.5)
  Training: avg_loss=0.0006 over 1563 batches

  📊 Creating visualization plots for epoch 6 (last training batch)...

FDR threshold computation:
  Target FDR: 1.0%
  Actual FDR: 0.00%
  Threshold: 0.0335
  Pairs below threshold: 12.0

Figure saved to: GLEAMS/models/../results/training_plots/epoch_006_20260123_222548_distances.png
ROC curve saved to: GLEAMS/models/../results/training_plots/epoch_006_20260123_222548_roc.png
  ✓ Plots saved to GLEAMS/models/../results/training_plots
    - AUC: 1.0000
    - Positive distance mean: 0.0266
    - Negative distance mean: 0.7762

  📊 Creating validation plots for epoch 6 (last validation batch)...
Warning: No threshold found for FDR=0.01. Using median of negative distances.
  ⚠️  Warning: Failed to create validation plots: `dataset` input should have multiple elements.
Traceback (most recent call last):
  File "/home/saartje/Desktop/Research/GLEAMS/gleams/transformer_encoder/trainer.py", line 588, in train_model
    fig1, ax1 = plot_embedding_distance_distribution(
  File "/home/saartje/Desktop/Research/GLEAMS/gleams/transformer_encoder/visualization.py", line 177, in plot_embedding_distance_distribution
    pos_kde = stats.gaussian_kde(positive_distances)
  File "/home/saartje/miniconda3/envs/gleams/lib/python3.10/site-packages/scipy/stats/_kde.py", line 199, in __init__
    raise ValueError("`dataset` input should have multiple elements.")
ValueError: `dataset` input should have multiple elements.
Epoch 6/10 | train_loss=0.000597 | val_loss=0.112689 | lr=5.50e-05 | time=1575.1s
⚠️  Warning: Model is on cuda:0 but device argument is cuda

  Validation loss statistics:
    Mean: 0.1139
    Median: 0.1544
    Std: 0.0865
    Min: 0.0023
    Max: 0.2228
    95th percentile: 0.2151

  Label distribution:
    Positive pairs: 10,000 (50.0%)
    Negative pairs: 10,000 (50.0%)

  Embedding distances:
    Positive pairs - Mean: 0.0793, Median: 0.0439
    Negative pairs - Mean: 0.0809, Median: 0.0441
    Expected: Positive distances should be LOW, Negative distances should be HIGH (>margin=0.5)
  Training: avg_loss=0.0005 over 1563 batches

  📊 Creating visualization plots for epoch 7 (last training batch)...

FDR threshold computation:
  Target FDR: 1.0%
  Actual FDR: 0.00%
  Threshold: 0.0267
  Pairs below threshold: 12.0

Figure saved to: GLEAMS/models/../results/training_plots/epoch_007_20260123_225206_distances.png
ROC curve saved to: GLEAMS/models/../results/training_plots/epoch_007_20260123_225206_roc.png
  ✓ Plots saved to GLEAMS/models/../results/training_plots
    - AUC: 1.0000
    - Positive distance mean: 0.0208
    - Negative distance mean: 0.7951

  📊 Creating validation plots for epoch 7 (last validation batch)...
Warning: No threshold found for FDR=0.01. Using median of negative distances.
  ⚠️  Warning: Failed to create validation plots: `dataset` input should have multiple elements.
Traceback (most recent call last):
  File "/home/saartje/Desktop/Research/GLEAMS/gleams/transformer_encoder/trainer.py", line 588, in train_model
    fig1, ax1 = plot_embedding_distance_distribution(
  File "/home/saartje/Desktop/Research/GLEAMS/gleams/transformer_encoder/visualization.py", line 177, in plot_embedding_distance_distribution
    pos_kde = stats.gaussian_kde(positive_distances)
  File "/home/saartje/miniconda3/envs/gleams/lib/python3.10/site-packages/scipy/stats/_kde.py", line 199, in __init__
    raise ValueError("`dataset` input should have multiple elements.")
ValueError: `dataset` input should have multiple elements.
Epoch 7/10 | train_loss=0.000491 | val_loss=0.113906 | lr=4.28e-05 | time=1578.3s
⚠️  Warning: Model is on cuda:0 but device argument is cuda

  Validation loss statistics:
    Mean: 0.1135
    Median: 0.1577
    Std: 0.0871
    Min: 0.0022
    Max: 0.2226
    95th percentile: 0.2154

  Label distribution:
    Positive pairs: 10,000 (50.0%)
    Negative pairs: 10,000 (50.0%)

  Embedding distances:
    Positive pairs - Mean: 0.0777, Median: 0.0439
    Negative pairs - Mean: 0.0793, Median: 0.0442
    Expected: Positive distances should be LOW, Negative distances should be HIGH (>margin=0.5)
  Training: avg_loss=0.0004 over 1563 batches

  📊 Creating visualization plots for epoch 8 (last training batch)...

FDR threshold computation:
  Target FDR: 1.0%
  Actual FDR: 0.00%
  Threshold: 0.0273
  Pairs below threshold: 16.0

Figure saved to: GLEAMS/models/../results/training_plots/epoch_008_20260123_231826_distances.png
ROC curve saved to: GLEAMS/models/../results/training_plots/epoch_008_20260123_231826_roc.png
  ✓ Plots saved to GLEAMS/models/../results/training_plots
    - AUC: 1.0000
    - Positive distance mean: 0.0224
    - Negative distance mean: 0.8086

  📊 Creating validation plots for epoch 8 (last validation batch)...
Warning: No threshold found for FDR=0.01. Using median of negative distances.
  ⚠️  Warning: Failed to create validation plots: `dataset` input should have multiple elements.
Traceback (most recent call last):
  File "/home/saartje/Desktop/Research/GLEAMS/gleams/transformer_encoder/trainer.py", line 588, in train_model
    fig1, ax1 = plot_embedding_distance_distribution(
  File "/home/saartje/Desktop/Research/GLEAMS/gleams/transformer_encoder/visualization.py", line 177, in plot_embedding_distance_distribution
    pos_kde = stats.gaussian_kde(positive_distances)
  File "/home/saartje/miniconda3/envs/gleams/lib/python3.10/site-packages/scipy/stats/_kde.py", line 199, in __init__
    raise ValueError("`dataset` input should have multiple elements.")
ValueError: `dataset` input should have multiple elements.
Epoch 8/10 | train_loss=0.000429 | val_loss=0.113498 | lr=3.10e-05 | time=1579.3s
⚠️  Warning: Model is on cuda:0 but device argument is cuda

  Validation loss statistics:
    Mean: 0.1125
    Median: 0.1547
    Std: 0.0888
    Min: 0.0020
    Max: 0.2229
    95th percentile: 0.2161

  Label distribution:
    Positive pairs: 10,000 (50.0%)
    Negative pairs: 10,000 (50.0%)

  Embedding distances:
    Positive pairs - Mean: 0.0737, Median: 0.0433
    Negative pairs - Mean: 0.0754, Median: 0.0437
    Expected: Positive distances should be LOW, Negative distances should be HIGH (>margin=0.5)
  Training: avg_loss=0.0004 over 1563 batches

  📊 Creating visualization plots for epoch 9 (last training batch)...

FDR threshold computation:
  Target FDR: 1.0%
  Actual FDR: 0.00%
  Threshold: 0.0266
  Pairs below threshold: 17.0

Figure saved to: GLEAMS/models/../results/training_plots/epoch_009_20260123_234444_distances.png
ROC curve saved to: GLEAMS/models/../results/training_plots/epoch_009_20260123_234444_roc.png
  ✓ Plots saved to GLEAMS/models/../results/training_plots
    - AUC: 1.0000
    - Positive distance mean: 0.0224
    - Negative distance mean: 0.7937

  📊 Creating validation plots for epoch 9 (last validation batch)...
Warning: No threshold found for FDR=0.01. Using median of negative distances.
  ⚠️  Warning: Failed to create validation plots: `dataset` input should have multiple elements.
Traceback (most recent call last):
  File "/home/saartje/Desktop/Research/GLEAMS/gleams/transformer_encoder/trainer.py", line 588, in train_model
    fig1, ax1 = plot_embedding_distance_distribution(
  File "/home/saartje/Desktop/Research/GLEAMS/gleams/transformer_encoder/visualization.py", line 177, in plot_embedding_distance_distribution
    pos_kde = stats.gaussian_kde(positive_distances)
  File "/home/saartje/miniconda3/envs/gleams/lib/python3.10/site-packages/scipy/stats/_kde.py", line 199, in __init__
    raise ValueError("`dataset` input should have multiple elements.")
ValueError: `dataset` input should have multiple elements.
Epoch 9/10 | train_loss=0.000394 | val_loss=0.112540 | lr=2.04e-05 | time=1578.9s
⚠️  Warning: Model is on cuda:0 but device argument is cuda

  Validation loss statistics:
    Mean: 0.1135
    Median: 0.1598
    Std: 0.0878
    Min: 0.0021
    Max: 0.2223
    95th percentile: 0.2156

  Label distribution:
    Positive pairs: 10,000 (50.0%)
    Negative pairs: 10,000 (50.0%)

  Embedding distances:
    Positive pairs - Mean: 0.0765, Median: 0.0441
    Negative pairs - Mean: 0.0775, Median: 0.0444
    Expected: Positive distances should be LOW, Negative distances should be HIGH (>margin=0.5)
  Training: avg_loss=0.0004 over 1563 batches

  📊 Creating visualization plots for epoch 10 (last training batch)...

FDR threshold computation:
  Target FDR: 1.0%
  Actual FDR: 0.00%
  Threshold: 0.0312
  Pairs below threshold: 16.0

Figure saved to: GLEAMS/models/../results/training_plots/epoch_010_20260124_001103_distances.png
ROC curve saved to: GLEAMS/models/../results/training_plots/epoch_010_20260124_001103_roc.png
  ✓ Plots saved to GLEAMS/models/../results/training_plots
    - AUC: 1.0000
    - Positive distance mean: 0.0220
    - Negative distance mean: 0.8201

  📊 Creating validation plots for epoch 10 (last validation batch)...
Warning: No threshold found for FDR=0.01. Using median of negative distances.
  ⚠️  Warning: Failed to create validation plots: `dataset` input should have multiple elements.
Traceback (most recent call last):
  File "/home/saartje/Desktop/Research/GLEAMS/gleams/transformer_encoder/trainer.py", line 588, in train_model
    fig1, ax1 = plot_embedding_distance_distribution(
  File "/home/saartje/Desktop/Research/GLEAMS/gleams/transformer_encoder/visualization.py", line 177, in plot_embedding_distance_distribution
    pos_kde = stats.gaussian_kde(positive_distances)
  File "/home/saartje/miniconda3/envs/gleams/lib/python3.10/site-packages/scipy/stats/_kde.py", line 199, in __init__
    raise ValueError("`dataset` input should have multiple elements.")
ValueError: `dataset` input should have multiple elements.
Epoch 10/10 | train_loss=0.000377 | val_loss=0.113542 | lr=1.15e-05 | time=1579.1s

Training complete!
Loss log written to: GLEAMS/results/loss_log_20260123_193930.csv
Best model (val_loss=0.097575) saved to: GLEAMS/models/best_model.pt
Final model saved to: GLEAMS/models/final_model.pt
