================================================================================
Starting new training run - 2026-01-06 09:33:52
Command-line arguments:
  data_dir: GLEAMS/data
  train_metadata: GLEAMS/data/train_metadata.parquet
  test_metadata: GLEAMS/data/test_metadata.parquet
  train_pairs_pos: GLEAMS/data/train_metadata_pairs_pos_2.npy
  train_pairs_neg: GLEAMS/data/train_metadata_pairs_neg_2.npy
  test_pairs_pos: GLEAMS/data/test_metadata_pairs_pos_2.npy
  test_pairs_neg: GLEAMS/data/test_metadata_pairs_neg_2.npy
  mgf_file: GLEAMS/data/massivekb_82c0124b.mgf
  log_csv: GLEAMS/data/loss_log.csv
  log_txt: GLEAMS/data/training.log
  best_model_path: GLEAMS/models/best_model.pt
  final_model_path: GLEAMS/models/final_model.pt
  dim_model: 256
  n_head: 4
  dim_feedforward: 512
  n_layers: 2
  dropout: 0.1
  batch_size: 64
  n_epochs: 10
  learning_rate: 0.0001
  weight_decay: 1e-05
  margin: 1.0
  label_certainty: 1.0
  scheduler_patience: 2
  max_train_pairs: 50000
  max_val_pairs: 10000
================================================================================
Loading metadata files...
Train metadata: 800,000 rows
Test metadata: 200,000 rows
Train pairs: 1,713,842 positive, 11,461,678 negative
Val pairs: 107,229 positive, 713,210 negative
Using device: cuda
  GPU: NVIDIA GeForce RTX 3080 Ti
  Memory: 12.9 GB

⚠️  IMPORTANT: Using contrastive loss with:
   Margin: 1.0 (config default: 1.0)
   Label certainty: 1.0 (config default: 1.0)

/home/saartje/miniconda3/envs/gleams/lib/python3.10/site-packages/torch/optim/lr_scheduler.py:28: UserWarning: The verbose parameter is deprecated. Please use get_last_lr() to access the learning rate.
  warnings.warn("The verbose parameter is deprecated. Please use get_last_lr() "
Unique metadata row indices needed (train): 473,992
Unique metadata row indices needed (val):   117,421
Unique metadata row indices needed (total): 521,580
MGF scan number range: 1 to 3,046,416

Loading 521,580 spectra from MGF file by scan number...
Loading spectra from GLEAMS/data/massivekb_82c0124b.mgf...
✓ Loaded 521,580 spectra
✓ Loaded 521,580 spectra with max 2371 peaks in 7.8 min
✓ Dataset loading complete!
⚠️  Max peaks per spectrum: 2,371 (affects GPU memory usage)

Creating index mapping...
✓ Mapped 521,580 metadata rows to dataset indices

Remapping pair indices to dataset indices...
✓ Pair remapping complete!

Total pairs: 100,000
Creating DataLoader with 100,000 total pairs, batch_size=64
Expected batches per epoch: 1562
Total pairs: 20,000
Creating DataLoader with 20,000 total pairs, batch_size=64
Expected batches per epoch: 312

🔍 Embedding diagnostics (first batch):
   Embedding shape: torch.Size([64, 256])
   Emb1 - mean: 0.0000, std: 1.0000, norm: 15.9999
   Emb2 - mean: -0.0000, std: 1.0000, norm: 15.9999
   Full output shape: torch.Size([64, 2372, 256])
   Using GLOBAL TOKEN (best performance so far)
   Issue: Model not learning discriminative features from peaks

   Cosine similarity (should differ for pos/neg):
   Positive pairs: 0.8998 (should be HIGH ~1.0)
   Negative pairs: 0.8971 (should be LOW ~0.0)
   Difference: 0.0027 (>0.1 is good)

   Embedding diversity check:
   Mean pairwise cosine similarity: 0.5538
   (Should be < 0.5 for diverse embeddings, ~1.0 means collapsed)


🔍 Loss function debug (first batch):
   Margin: 1.0, Label certainty: 1.0
   Positive distances: mean=6.9532, loss=51.3106
   Negative distances: mean=7.1284, loss=0.0000
   Using STANDARD contrastive loss (no ramp function)
   Positive weight: unlimited (distance²)
   Negative weight: 1.0 (full penalty if < margin)

   Gradient norm: 40.4738
/home/saartje/Desktop/Research/GLEAMS/gleams/transformer_encoder/trainer.py:349: UserWarning: The .grad attribute of a Tensor that is not a leaf Tensor is being accessed. Its .grad attribute won't be populated during autograd.backward(). If you indeed want the .grad field to be populated for a non-leaf Tensor, use .retain_grad() on the non-leaf Tensor. If you access the non-leaf Tensor by mistake, make sure you access the leaf Tensor instead. See github.com/pytorch/pytorch/pull/30531 for more informations. (Triggered internally at aten/src/ATen/core/TensorBody.h:489.)
  if emb1.grad is not None:

⚠️  Warning: Model is on cuda:0 but device argument is cuda
/home/saartje/miniconda3/envs/gleams/lib/python3.10/site-packages/torch/nn/modules/transformer.py:408: UserWarning: The PyTorch API of nested tensors is in prototype stage and will change in the near future. (Triggered internally at ../aten/src/ATen/NestedTensorImpl.cpp:178.)
  output = torch._nested_tensor_from_mask(output, src_key_padding_mask.logical_not(), mask_check=False)

  Validation loss statistics:
    Mean: 15.0907
    Median: 6.9486
    Std: 15.1719
    Min: 0.0000
    Max: 35.3456
    95th percentile: 32.9634

  Label distribution:
    Positive pairs: 10,000 (50.0%)
    Negative pairs: 10,000 (50.0%)

  Embedding distances:
    Positive pairs - Mean: 5.3946, Median: 5.4952
    Negative pairs - Mean: 5.4057, Median: 5.5071
    Expected: Positive distances should be LOW, Negative distances should be HIGH (>margin=1.0)
  Training: avg_loss=4.2535 over 1563 batches
✓ Saved best model (val_loss=15.090675) to GLEAMS/models/best_model.pt
Epoch 1/10 | train_loss=4.253538 | val_loss=15.090675 | lr=1.00e-04 | time=1569.8s
⚠️  Warning: Model is on cuda:0 but device argument is cuda

  Validation loss statistics:
    Mean: 0.3813
    Median: 0.2983
    Std: 0.2098
    Min: 0.1224
    Max: 1.2458
    95th percentile: 0.7812

  Label distribution:
    Positive pairs: 10,000 (50.0%)
    Negative pairs: 10,000 (50.0%)

  Embedding distances:
    Positive pairs - Mean: 0.6358, Median: 0.5357
    Negative pairs - Mean: 0.6484, Median: 0.5376
    Expected: Positive distances should be LOW, Negative distances should be HIGH (>margin=1.0)
  Training: avg_loss=0.3934 over 1563 batches
✓ Saved best model (val_loss=0.381272) to GLEAMS/models/best_model.pt
Epoch 2/10 | train_loss=0.393416 | val_loss=0.381272 | lr=1.00e-04 | time=1575.4s
⚠️  Warning: Model is on cuda:0 but device argument is cuda

  Validation loss statistics:
    Mean: 0.3992
    Median: 0.4192
    Std: 0.1532
    Min: 0.0883
    Max: 1.1789
    95th percentile: 0.6010

  Label distribution:
    Positive pairs: 10,000 (50.0%)
    Negative pairs: 10,000 (50.0%)

  Embedding distances:
    Positive pairs - Mean: 0.4121, Median: 0.2870
    Negative pairs - Mean: 0.4241, Median: 0.2884
    Expected: Positive distances should be LOW, Negative distances should be HIGH (>margin=1.0)
  Training: avg_loss=0.0808 over 1563 batches
Epoch 3/10 | train_loss=0.080829 | val_loss=0.399224 | lr=1.00e-04 | time=1575.4s
⚠️  Warning: Model is on cuda:0 but device argument is cuda

  Validation loss statistics:
    Mean: 0.4950
    Median: 0.5136
    Std: 0.2126
    Min: 0.0463
    Max: 1.6689
    95th percentile: 0.8346

  Label distribution:
    Positive pairs: 10,000 (50.0%)
    Negative pairs: 10,000 (50.0%)

  Embedding distances:
    Positive pairs - Mean: 0.3845, Median: 0.1967
    Negative pairs - Mean: 0.4070, Median: 0.1974
    Expected: Positive distances should be LOW, Negative distances should be HIGH (>margin=1.0)
  Training: avg_loss=0.0391 over 1563 batches
Epoch 4/10 | train_loss=0.039091 | val_loss=0.495038 | lr=1.00e-04 | time=1576.7s
⚠️  Warning: Model is on cuda:0 but device argument is cuda

  Validation loss statistics:
    Mean: 0.5232
    Median: 0.5846
    Std: 0.2474
    Min: 0.0247
    Max: 1.5567
    95th percentile: 0.7913

  Label distribution:
    Positive pairs: 10,000 (50.0%)
    Negative pairs: 10,000 (50.0%)

  Embedding distances:
    Positive pairs - Mean: 0.3171, Median: 0.1441
    Negative pairs - Mean: 0.3341, Median: 0.1443
    Expected: Positive distances should be LOW, Negative distances should be HIGH (>margin=1.0)
  Training: avg_loss=0.0503 over 1563 batches
Epoch 5/10 | train_loss=0.050285 | val_loss=0.523203 | lr=5.00e-05 | time=1577.3s
⚠️  Warning: Model is on cuda:0 but device argument is cuda

  Validation loss statistics:
    Mean: 0.4983
    Median: 0.5957
    Std: 0.2584
    Min: 0.0157
    Max: 1.3166
    95th percentile: 0.7961

  Label distribution:
    Positive pairs: 10,000 (50.0%)
    Negative pairs: 10,000 (50.0%)

  Embedding distances:
    Positive pairs - Mean: 0.2629, Median: 0.1157
    Negative pairs - Mean: 0.2763, Median: 0.1163
    Expected: Positive distances should be LOW, Negative distances should be HIGH (>margin=1.0)
  Training: avg_loss=0.0353 over 1563 batches
Epoch 6/10 | train_loss=0.035319 | val_loss=0.498315 | lr=5.00e-05 | time=1577.8s
⚠️  Warning: Model is on cuda:0 but device argument is cuda

  Validation loss statistics:
    Mean: 0.5784
    Median: 0.6592
    Std: 0.2880
    Min: 0.0114
    Max: 1.8729
    95th percentile: 0.8543

  Label distribution:
    Positive pairs: 10,000 (50.0%)
    Negative pairs: 10,000 (50.0%)

  Embedding distances:
    Positive pairs - Mean: 0.2746, Median: 0.0946
    Negative pairs - Mean: 0.2907, Median: 0.0951
    Expected: Positive distances should be LOW, Negative distances should be HIGH (>margin=1.0)
  Training: avg_loss=0.0333 over 1563 batches
Epoch 7/10 | train_loss=0.033266 | val_loss=0.578424 | lr=5.00e-05 | time=1576.4s
⚠️  Warning: Model is on cuda:0 but device argument is cuda

  Validation loss statistics:
    Mean: 0.5955
    Median: 0.6840
    Std: 0.2898
    Min: 0.0096
    Max: 1.9507
    95th percentile: 0.8951

  Label distribution:
    Positive pairs: 10,000 (50.0%)
    Negative pairs: 10,000 (50.0%)

  Embedding distances:
    Positive pairs - Mean: 0.2676, Median: 0.0840
    Negative pairs - Mean: 0.2844, Median: 0.0842
    Expected: Positive distances should be LOW, Negative distances should be HIGH (>margin=1.0)
  Training: avg_loss=0.0397 over 1563 batches
Epoch 8/10 | train_loss=0.039695 | val_loss=0.595454 | lr=2.50e-05 | time=1576.1s
⚠️  Warning: Model is on cuda:0 but device argument is cuda

  Validation loss statistics:
    Mean: 0.6146
    Median: 0.7168
    Std: 0.3184
    Min: 0.0066
    Max: 2.0807
    95th percentile: 0.9265

  Label distribution:
    Positive pairs: 10,000 (50.0%)
    Negative pairs: 10,000 (50.0%)

  Embedding distances:
    Positive pairs - Mean: 0.2455, Median: 0.0683
    Negative pairs - Mean: 0.2600, Median: 0.0686
    Expected: Positive distances should be LOW, Negative distances should be HIGH (>margin=1.0)
  Training: avg_loss=0.0242 over 1563 batches
Epoch 9/10 | train_loss=0.024183 | val_loss=0.614586 | lr=2.50e-05 | time=1576.4s
⚠️  Warning: Model is on cuda:0 but device argument is cuda

  Validation loss statistics:
    Mean: 0.6676
    Median: 0.7423
    Std: 0.3564
    Min: 0.0059
    Max: 2.5411
    95th percentile: 1.1352

  Label distribution:
    Positive pairs: 10,000 (50.0%)
    Negative pairs: 10,000 (50.0%)

  Embedding distances:
    Positive pairs - Mean: 0.2593, Median: 0.0645
    Negative pairs - Mean: 0.2748, Median: 0.0648
    Expected: Positive distances should be LOW, Negative distances should be HIGH (>margin=1.0)
  Training: avg_loss=0.0230 over 1563 batches
Epoch 10/10 | train_loss=0.022990 | val_loss=0.667570 | lr=2.50e-05 | time=1576.2s

Training complete!
Loss log written to: GLEAMS/data/loss_log.csv
Best model (val_loss=0.381272) saved to: GLEAMS/models/best_model.pt
Final model saved to: GLEAMS/models/final_model.pt
